../Src/main.cpp:4:6:void delay()	16	static
../Src/main.cpp:10:5:LED::LED()	16	static
../Src/main.cpp:25:10:void LED::Led_orange_toggle()	16	static
../Src/main.cpp:28:10:void LED::Led_red_toggle()	16	static
../Src/main.cpp:31:10:void LED::Led_blue_toggle()	16	static
../Src/main.cpp:35:10:void LED::Led_all_off()	16	static
../Src/main.cpp:40:10:bool LED::Switch_state()	16	static
../Src/main.cpp:47:5:int main()	32	static
../Src/main.cpp:75:1:void __static_initialization_and_destruction_0()	8	static
../Src/main.cpp:75:1:cpp)	8	static
