Archive member included to satisfy reference by file (symbol)

/opt/st/stm32cubeide_2.1.1/plugins/com.st.stm32cube.ide.mcu.externaltools.gnu-tools-for-stm32.14.3.rel1.linux64_1.0.100.202602081740/tools/bin/../lib/gcc/arm-none-eabi/14.3.1/../../../../arm-none-eabi/lib/thumb/v7e-m+fp/hard/libstdc++_nano.a(class_type_info.o)
                              ./Src/main.o (vtable for __cxxabiv1::__class_type_info)
/opt/st/stm32cubeide_2.1.1/plugins/com.st.stm32cube.ide.mcu.externaltools.gnu-tools-for-stm32.14.3.rel1.linux64_1.0.100.202602081740/tools/bin/../lib/gcc/arm-none-eabi/14.3.1/../../../../arm-none-eabi/lib/thumb/v7e-m+fp/hard/libstdc++_nano.a(del_ops.o)
                              ./Src/main.o (operator delete(void*, unsigned int))
/opt/st/stm32cubeide_2.1.1/plugins/com.st.stm32cube.ide.mcu.externaltools.gnu-tools-for-stm32.14.3.rel1.linux64_1.0.100.202602081740/tools/bin/../lib/gcc/arm-none-eabi/14.3.1/../../../../arm-none-eabi/lib/thumb/v7e-m+fp/hard/libstdc++_nano.a(eh_alloc.o)
                              ./Src/main.o (__cxa_allocate_exception)
/opt/st/stm32cubeide_2.1.1/plugins/com.st.stm32cube.ide.mcu.externaltools.gnu-tools-for-stm32.14.3.rel1.linux64_1.0.100.202602081740/tools/bin/../lib/gcc/arm-none-eabi/14.3.1/../../../../arm-none-eabi/lib/thumb/v7e-m+fp/hard/libstdc++_nano.a(eh_catch.o)
                              ./Src/main.o (__cxa_begin_catch)
/opt/st/stm32cubeide_2.1.1/plugins/com.st.stm32cube.ide.mcu.externaltools.gnu-tools-for-stm32.14.3.rel1.linux64_1.0.100.202602081740/tools/bin/../lib/gcc/arm-none-eabi/14.3.1/../../../../arm-none-eabi/lib/thumb/v7e-m+fp/hard/libstdc++_nano.a(eh_globals.o)
                              /opt/st/stm32cubeide_2.1.1/plugins/com.st.stm32cube.ide.mcu.externaltools.gnu-tools-for-stm32.14.3.rel1.linux64_1.0.100.202602081740/tools/bin/../lib/gcc/arm-none-eabi/14.3.1/../../../../arm-none-eabi/lib/thumb/v7e-m+fp/hard/libstdc++_nano.a(eh_catch.o) (__cxa_get_globals_fast)
/opt/st/stm32cubeide_2.1.1/plugins/com.st.stm32cube.ide.mcu.externaltools.gnu-tools-for-stm32.14.3.rel1.linux64_1.0.100.202602081740/tools/bin/../lib/gcc/arm-none-eabi/14.3.1/../../../../arm-none-eabi/lib/thumb/v7e-m+fp/hard/libstdc++_nano.a(eh_personality.o)
                              ./Src/main.o (__gxx_personality_v0)
/opt/st/stm32cubeide_2.1.1/plugins/com.st.stm32cube.ide.mcu.externaltools.gnu-tools-for-stm32.14.3.rel1.linux64_1.0.100.202602081740/tools/bin/../lib/gcc/arm-none-eabi/14.3.1/../../../../arm-none-eabi/lib/thumb/v7e-m+fp/hard/libstdc++_nano.a(eh_terminate.o)
                              /opt/st/stm32cubeide_2.1.1/plugins/com.st.stm32cube.ide.mcu.externaltools.gnu-tools-for-stm32.14.3.rel1.linux64_1.0.100.202602081740/tools/bin/../lib/gcc/arm-none-eabi/14.3.1/../../../../arm-none-eabi/lib/thumb/v7e-m+fp/hard/libstdc++_nano.a(eh_alloc.o) (std::terminate())
/opt/st/stm32cubeide_2.1.1/plugins/com.st.stm32cube.ide.mcu.externaltools.gnu-tools-for-stm32.14.3.rel1.linux64_1.0.100.202602081740/tools/bin/../lib/gcc/arm-none-eabi/14.3.1/../../../../arm-none-eabi/lib/thumb/v7e-m+fp/hard/libstdc++_nano.a(eh_throw.o)
                              ./Src/main.o (__cxa_throw)
/opt/st/stm32cubeide_2.1.1/plugins/com.st.stm32cube.ide.mcu.externaltools.gnu-tools-for-stm32.14.3.rel1.linux64_1.0.100.202602081740/tools/bin/../lib/gcc/arm-none-eabi/14.3.1/../../../../arm-none-eabi/lib/thumb/v7e-m+fp/hard/libstdc++_nano.a(eh_unex_handler.o)
                              /opt/st/stm32cubeide_2.1.1/plugins/com.st.stm32cube.ide.mcu.externaltools.gnu-tools-for-stm32.14.3.rel1.linux64_1.0.100.202602081740/tools/bin/../lib/gcc/arm-none-eabi/14.3.1/../../../../arm-none-eabi/lib/thumb/v7e-m+fp/hard/libstdc++_nano.a(eh_terminate.o) (__cxxabiv1::__unexpected_handler)
/opt/st/stm32cubeide_2.1.1/plugins/com.st.stm32cube.ide.mcu.externaltools.gnu-tools-for-stm32.14.3.rel1.linux64_1.0.100.202602081740/tools/bin/../lib/gcc/arm-none-eabi/14.3.1/../../../../arm-none-eabi/lib/thumb/v7e-m+fp/hard/libstdc++_nano.a(new_op.o)
                              ./Src/main.o (operator new(unsigned int))
/opt/st/stm32cubeide_2.1.1/plugins/com.st.stm32cube.ide.mcu.externaltools.gnu-tools-for-stm32.14.3.rel1.linux64_1.0.100.202602081740/tools/bin/../lib/gcc/arm-none-eabi/14.3.1/../../../../arm-none-eabi/lib/thumb/v7e-m+fp/hard/libstdc++_nano.a(si_class_type_info.o)
                              /opt/st/stm32cubeide_2.1.1/plugins/com.st.stm32cube.ide.mcu.externaltools.gnu-tools-for-stm32.14.3.rel1.linux64_1.0.100.202602081740/tools/bin/../lib/gcc/arm-none-eabi/14.3.1/../../../../arm-none-eabi/lib/thumb/v7e-m+fp/hard/libstdc++_nano.a(class_type_info.o) (vtable for __cxxabiv1::__si_class_type_info)
/opt/st/stm32cubeide_2.1.1/plugins/com.st.stm32cube.ide.mcu.externaltools.gnu-tools-for-stm32.14.3.rel1.linux64_1.0.100.202602081740/tools/bin/../lib/gcc/arm-none-eabi/14.3.1/../../../../arm-none-eabi/lib/thumb/v7e-m+fp/hard/libstdc++_nano.a(tinfo.o)
[...]
Memory Configuration

Name             Origin             Length             Attributes
CCMRAM           0x10000000         0x00010000         xrw
RAM              0x20000000         0x00020000         xrw
FLASH            0x08000000         0x00100000         xr
*default*        0x00000000         0xffffffff

Linker script and memory map

LOAD /opt/st/stm32cubeide_2.1.1/plugins/com.st.stm32cube.ide.mcu.externaltools.gnu-tools-for-stm32.14.3.rel1.linux64_1.0.100.202602081740/tools/bin/../lib/gcc/arm-none-eabi/14.3.1/thumb/v7e-m+fp/hard/crti.o
LOAD /opt/st/stm32cubeide_2.1.1/plugins/com.st.stm32cube.ide.mcu.externaltools.gnu-tools-for-stm32.14.3.rel1.linux64_1.0.100.202602081740/tools/bin/../lib/gcc/arm-none-eabi/14.3.1/thumb/v7e-m+fp/hard/crtbegin.o
LOAD /opt/st/stm32cubeide_2.1.1/plugins/com.st.stm32cube.ide.mcu.externaltools.gnu-tools-for-stm32.14.3.rel1.linux64_1.0.100.202602081740/tools/bin/../lib/gcc/arm-none-eabi/14.3.1/../../../../arm-none-eabi/lib/thumb/v7e-m+fp/hard/crt0.o
LOAD ./Src/main.o
LOAD ./Src/syscalls.o
LOAD ./Src/sysmem.o
LOAD ./Startup/startup_stm32f407vgtx.o
START GROUP
LOAD /opt/st/stm32cubeide_2.1.1/plugins/com.st.stm32cube.ide.mcu.externaltools.gnu-tools-for-stm32.14.3.rel1.linux64_1.0.100.202602081740/tools/bin/../lib/gcc/arm-none-eabi/14.3.1/../../../../arm-none-eabi/lib/thumb/v7e-m+fp/hard/libstdc++_nano.a
LOAD /opt/st/stm32cubeide_2.1.1/plugins/com.st.stm32cube.ide.mcu.externaltools.gnu-tools-for-stm32.14.3.rel1.linux64_1.0.100.202602081740/tools/bin/../lib/gcc/arm-none-eabi/14.3.1/../../../../arm-none-eabi/lib/thumb/v7e-m+fp/hard/libsupc++_nano.a
END GROUP
LOAD /opt/st/stm32cubeide_2.1.1/plugins/com.st.stm32cube.ide.mcu.externaltools.gnu-tools-for-stm32.14.3.rel1.linux64_1.0.100.202602081740/tools/bin/../lib/gcc/arm-none-eabi/14.3.1/../../../../arm-none-eabi/lib/thumb/v7e-m+fp/hard/libstdc++_nano.a
LOAD /opt/st/stm32cubeide_2.1.1/plugins/com.st.stm32cube.ide.mcu.externaltools.gnu-tools-for-stm32.14.3.rel1.linux64_1.0.100.202602081740/tools/bin/../lib/gcc/arm-none-eabi/14.3.1/../../../../arm-none-eabi/lib/thumb/v7e-m+fp/hard/libm.a
LOAD /opt/st/stm32cubeide_2.1.1/plugins/com.st.stm32cube.ide.mcu.externaltools.gnu-tools-for-stm32.14.3.rel1.linux64_1.0.100.202602081740/tools/bin/../lib/gcc/arm-none-eabi/14.3.1/../../../../arm-none-eabi/lib/thumb/v7e-m+fp/hard/libc_nano.a
START GROUP
LOAD /opt/st/stm32cubeide_2.1.1/plugins/com.st.stm32cube.ide.mcu.externaltools.gnu-tools-for-stm32.14.3.rel1.linux64_1.0.100.202602081740/tools/bin/../lib/gcc/arm-none-eabi/14.3.1/thumb/v7e-m+fp/hard/libgcc.a
LOAD /opt/st/stm32cubeide_2.1.1/plugins/com.st.stm32cube.ide.mcu.externaltools.gnu-tools-for-stm32.14.3.rel1.linux64_1.0.100.202602081740/tools/bin/../lib/gcc/arm-none-eabi/14.3.1/../../../../arm-none-eabi/lib/thumb/v7e-m+fp/hard/libc_nano.a
END GROUP
START GROUP
LOAD /opt/st/stm32cubeide_2.1.1/plugins/com.st.stm32cube.ide.mcu.externaltools.gnu-tools-for-stm32.14.3.rel1.linux64_1.0.100.202602081740/tools/bin/../lib/gcc/arm-none-eabi/14.3.1/thumb/v7e-m+fp/hard/libgcc.a
LOAD /opt/st/stm32cubeide_2.1.1/plugins/com.st.stm32cube.ide.mcu.externaltools.gnu-tools-for-stm32.14.3.rel1.linux64_1.0.100.202602081740/tools/bin/../lib/gcc/arm-none-eabi/14.3.1/../../../../arm-none-eabi/lib/thumb/v7e-m+fp/hard/libc_nano.a
LOAD /opt/st/stm32cubeide_2.1.1/plugins/com.st.stm32cube.ide.mcu.externaltools.gnu-tools-for-stm32.14.3.rel1.linux64_1.0.100.202602081740/tools/bin/../lib/gcc/arm-none-eabi/14.3.1/../../../../arm-none-eabi/lib/thumb/v7e-m+fp/hard/libnosys.a
END GROUP
START GROUP
LOAD /opt/st/stm32cubeide_2.1.1/plugins/com.st.stm32cube.ide.mcu.externaltools.gnu-tools-for-stm32.14.3.rel1.linux64_1.0.100.202602081740/tools/bin/../lib/gcc/arm-none-eabi/14.3.1/thumb/v7e-m+fp/hard/libgcc.a
LOAD /opt/st/stm32cubeide_2.1.1/plugins/com.st.stm32cube.ide.mcu.externaltools.gnu-tools-for-stm32.14.3.rel1.linux64_1.0.100.202602081740/tools/bin/../lib/gcc/arm-none-eabi/14.3.1/../../../../arm-none-eabi/lib/thumb/v7e-m+fp/hard/libc_nano.a
LOAD /opt/st/stm32cubeide_2.1.1/plugins/com.st.stm32cube.ide.mcu.externaltools.gnu-tools-for-stm32.14.3.rel1.linux64_1.0.100.202602081740/tools/bin/../lib/gcc/arm-none-eabi/14.3.1/../../../../arm-none-eabi/lib/thumb/v7e-m+fp/hard/libnosys.a
END GROUP
LOAD /opt/st/stm32cubeide_2.1.1/plugins/com.st.stm32cube.ide.mcu.externaltools.gnu-tools-for-stm32.14.3.rel1.linux64_1.0.100.202602081740/tools/bin/../lib/gcc/arm-none-eabi/14.3.1/thumb/v7e-m+fp/hard/crtend.o
LOAD /opt/st/stm32cubeide_2.1.1/plugins/com.st.stm32cube.ide.mcu.externaltools.gnu-tools-for-stm32.14.3.rel1.linux64_1.0.100.202602081740/tools/bin/../lib/gcc/arm-none-eabi/14.3.1/thumb/v7e-m+fp/hard/crtn.o
                0x20020000                        _estack = (ORIGIN (RAM) + LENGTH (RAM))
                0x00000200                        _Min_Heap_Size = 0x200
                0x00000400                        _Min_Stack_Size = 0x400

.isr_vector     0x08000000      0x188
                0x08000000                        . = ALIGN (0x4)
 *(.isr_vector)
 .isr_vector    0x08000000      0x188 ./Startup/startup_stm32f407vgtx.o
                0x08000000                g_pfnVectors
                0x08000188                        . = ALIGN (0x4)

.text           0x08000188     0x2624
                0x08000188                        . = ALIGN (0x4)
 *(.text)
 .text          0x08000188       0x40 /opt/st/stm32cubeide_2.1.1/plugins/com.st.stm32cube.ide.mcu.externaltools.gnu-tools-for-stm32.14.3.rel1.linux64_1.0.100.202602081740/tools/bin/../lib/gcc/arm-none-eabi/14.3.1/thumb/v7e-m+fp/hard/crtbegin.o
 .text          0x080001c8       0x14 /opt/st/stm32cubeide_2.1.1/plugins/com.st.stm32cube.ide.mcu.externaltools.gnu-tools-for-stm32.14.3.rel1.linux64_1.0.100.202602081740/tools/bin/../lib/gcc/arm-none-eabi/14.3.1/../../../../arm-none-eabi/lib/thumb/v7e-m+fp/hard/libc_nano.a(libc_a-strcmp.o)
                0x080001c8                strcmp
 .text          0x080001dc      0xa74 /opt/st/stm32cubeide_2.1.1/plugins/com.st.stm32cube.ide.mcu.externaltools.gnu-tools-for-stm32.14.3.rel1.linux64_1.0.100.202602081740/tools/bin/../lib/gcc/arm-none-eabi/14.3.1/thumb/v7e-m+fp/hard/libgcc.a(unwind-arm.o)
                0x08000498                _Unwind_GetCFA
                0x0800049c                __gnu_Unwind_RaiseException
                0x08000508                __gnu_Unwind_ForcedUnwind
                0x08000518                __gnu_Unwind_Resume
                0x0800055c                __gnu_Unwind_Resume_or_Rethrow
                0x08000578                _Unwind_Complete
                0x0800057c                _Unwind_DeleteException
                0x08000588                _Unwind_VRS_Get
                0x080005d4                _Unwind_VRS_Set
                0x08000620                __gnu_Unwind_Backtrace
                0x08000958                __aeabi_unwind_cpp_pr0
                0x0800095c                __aeabi_unwind_cpp_pr1
                0x08000960                __aeabi_unwind_cpp_pr2
                0x08000964                _Unwind_VRS_Pop
 .text          0x08000c50      0x198 /opt/st/stm32cubeide_2.1.1/plugins/com.st.stm32cube.ide.mcu.externaltools.gnu-tools-for-stm32.14.3.rel1.linux64_1.0.100.202602081740/tools/bin/../lib/gcc/arm-none-eabi/14.3.1/thumb/v7e-m+fp/hard/libgcc.a(libunwind.o)
                0x08000c50                __restore_core_regs
                0x08000c50                restore_core_regs
                0x08000c68                __gnu_Unwind_Restore_VFP
                0x08000c70                __gnu_Unwind_Save_VFP
                0x08000c78                __gnu_Unwind_Restore_VFP_D
                0x08000c80                __gnu_Unwind_Save_VFP_D
                0x08000c88                __gnu_Unwind_Restore_VFP_D_16_to_31
                0x08000c90                __gnu_Unwind_Save_VFP_D_16_to_31
                0x08000c98                __gnu_Unwind_Restore_WMMXD
                0x08000cdc                __gnu_Unwind_Save_WMMXD
                0x08000d20                __gnu_Unwind_Restore_WMMXC
                0x08000d34                __gnu_Unwind_Save_WMMXC
                0x08000d48                ___Unwind_RaiseException
                0x08000d48                _Unwind_RaiseException
                0x08000d68                ___Unwind_Resume
                0x08000d68                _Unwind_Resume
                0x08000d88                _Unwind_Resume_or_Rethrow
                0x08000d88                ___Unwind_Resume_or_Rethrow
                0x08000da8                ___Unwind_ForcedUnwind
                0x08000da8                _Unwind_ForcedUnwind
                0x08000dc8                _Unwind_Backtrace
                0x08000dc8                ___Unwind_Backtrace
 .text          0x08000de8      0x3a0 /opt/st/stm32cubeide_2.1.1/plugins/com.st.stm32cube.ide.mcu.externaltools.gnu-tools-for-stm32.14.3.rel1.linux64_1.0.100.202602081740/tools/bin/../lib/gcc/arm-none-eabi/14.3.1/thumb/v7e-m+fp/hard/libgcc.a(pr-support.o)
                0x08000e3c                __gnu_unwind_execute
                0x0800113c                __gnu_unwind_frame
                0x08001168                _Unwind_GetRegionStart
                0x08001174                _Unwind_GetLanguageSpecificData
 *(.text*)
 .text._Z5delayv
                0x08001188       0x38 ./Src/main.o
                0x08001188                delay()
 .text._ZN3LEDC2Ev
                0x080011c0       0xa8 ./Src/main.o
                0x080011c0                LED::LED()
                0x080011c0                LED::LED()
 .text._ZN3LED17Led_orange_toggleEv
                0x08001268       0x24 ./Src/main.o
                0x08001268                LED::Led_orange_toggle()
 .text._ZN3LED14Led_red_toggleEv
                0x0800128c       0x24 ./Src/main.o
                0x0800128c                LED::Led_red_toggle()
 .text._ZN3LED15Led_blue_toggleEv
                0x080012b0       0x24 ./Src/main.o
                0x080012b0                LED::Led_blue_toggle()
 .text._ZN3LED11Led_all_offEv
                0x080012d4       0x20 ./Src/main.o
                0x080012d4                LED::Led_all_off()
 .text._ZN3LED12Switch_stateEv
                0x080012f4       0x2c ./Src/main.o
                0x080012f4                LED::Switch_state()
 .text.main     0x08001320       0xd0 ./Src/main.o
                0x08001320                main
 .text._Z41__static_initialization_and_destruction_0v
                0x080013f0       0x14 ./Src/main.o
 .text._GLOBAL__sub_I__Z5delayv
                0x08001404        0xa ./Src/main.o
 .text._getpid  0x0800140e       0x10 ./Src/syscalls.o
                0x0800140e                _getpid
 .text._kill    0x0800141e       0x20 ./Src/syscalls.o
                0x0800141e                _kill
 .text._exit    0x0800143e       0x16 ./Src/syscalls.o
                0x0800143e                _exit
 .text._sbrk    0x08001454       0x6c ./Src/sysmem.o
                0x08001454                _sbrk
 .text.Reset_Handler
                0x080014c0       0x50 ./Startup/startup_stm32f407vgtx.o
                0x080014c0                Reset_Handler
 .text.Default_Handler
                0x08001510        0x2 ./Startup/startup_stm32f407vgtx.o
                0x08001510                RTC_Alarm_IRQHandler
                0x08001510                HASH_RNG_IRQHandler
                0x08001510                EXTI2_IRQHandler
                0x08001510                TIM8_CC_IRQHandler
                0x08001510                DebugMon_Handler
                0x08001510                TIM1_CC_IRQHandler
                0x08001510                DMA2_Stream5_IRQHandler
                0x08001510                HardFault_Handler
                0x08001510                DMA1_Stream5_IRQHandler
                0x08001510                SysTick_Handler
                0x08001510                PVD_IRQHandler
                0x08001510                SDIO_IRQHandler
                0x08001510                TAMP_STAMP_IRQHandler
                0x08001510                PendSV_Handler
                0x08001510                NMI_Handler
                0x08001510                CAN2_RX1_IRQHandler
                0x08001510                EXTI3_IRQHandler
                0x08001510                TIM8_TRG_COM_TIM14_IRQHandler
                0x08001510                TIM1_UP_TIM10_IRQHandler
                0x08001510                TIM8_UP_TIM13_IRQHandler
                0x08001510                I2C3_ER_IRQHandler
                0x08001510                EXTI0_IRQHandler
                0x08001510                I2C2_EV_IRQHandler
                0x08001510                DMA1_Stream2_IRQHandler
                0x08001510                CAN1_RX0_IRQHandler
                0x08001510                FPU_IRQHandler
                0x08001510                OTG_HS_WKUP_IRQHandler
                0x08001510                UsageFault_Handler
                0x08001510                CAN2_SCE_IRQHandler
                0x08001510                DMA2_Stream2_IRQHandler
                0x08001510                SPI1_IRQHandler
                0x08001510                TIM6_DAC_IRQHandler
                0x08001510                TIM1_BRK_TIM9_IRQHandler
                0x08001510                DCMI_IRQHandler
                0x08001510                CAN2_RX0_IRQHandler
                0x08001510                DMA2_Stream3_IRQHandler
                0x08001510                USART6_IRQHandler
                0x08001510                USART3_IRQHandler
                0x08001510                CRYP_IRQHandler
                0x08001510                CAN1_RX1_IRQHandler
                0x08001510                UART5_IRQHandler
                0x08001510                DMA2_Stream0_IRQHandler
                0x08001510                TIM4_IRQHandler
                0x08001510                I2C1_EV_IRQHandler
                0x08001510                DMA1_Stream6_IRQHandler
                0x08001510                DMA1_Stream1_IRQHandler
                0x08001510                UART4_IRQHandler
                0x08001510                TIM3_IRQHandler
                0x08001510                RCC_IRQHandler
                0x08001510                TIM8_BRK_TIM12_IRQHandler
                0x08001510                Default_Handler
                0x08001510                EXTI15_10_IRQHandler
                0x08001510                ADC_IRQHandler
                0x08001510                DMA1_Stream7_IRQHandler
                0x08001510                TIM7_IRQHandler
                0x08001510                CAN2_TX_IRQHandler
                0x08001510                TIM5_IRQHandler
                0x08001510                DMA2_Stream7_IRQHandler
                0x08001510                I2C3_EV_IRQHandler
                0x08001510                EXTI9_5_IRQHandler
                0x08001510                RTC_WKUP_IRQHandler
                0x08001510                ETH_WKUP_IRQHandler
                0x08001510                SPI2_IRQHandler
                0x08001510                OTG_HS_EP1_IN_IRQHandler
                0x08001510                MemManage_Handler
                0x08001510                DMA1_Stream0_IRQHandler
                0x08001510                CAN1_TX_IRQHandler
                0x08001510                SVC_Handler
                0x08001510                EXTI4_IRQHandler
                0x08001510                FSMC_IRQHandler
                0x08001510                ETH_IRQHandler
                0x08001510                OTG_HS_EP1_OUT_IRQHandler
                0x08001510                WWDG_IRQHandler
                0x08001510                TIM2_IRQHandler
                0x08001510                OTG_FS_WKUP_IRQHandler
                0x08001510                TIM1_TRG_COM_TIM11_IRQHandler
                0x08001510                OTG_HS_IRQHandler
                0x08001510                EXTI1_IRQHandler
                0x08001510                USART2_IRQHandler
                0x08001510                I2C2_ER_IRQHandler
                0x08001510                DMA2_Stream1_IRQHandler
                0x08001510                CAN1_SCE_IRQHandler
                0x08001510                DMA2_Stream4_IRQHandler
                0x08001510                BusFault_Handler
                0x08001510                USART1_IRQHandler
                0x08001510                OTG_FS_IRQHandler
                0x08001510                SPI3_IRQHandler
                0x08001510                DMA1_Stream4_IRQHandler
                0x08001510                I2C1_ER_IRQHandler
                0x08001510                DMA2_Stream6_IRQHandler
                0x08001510                DMA1_Stream3_IRQHandler
 .text._ZNK10__cxxabiv117__class_type_info11__do_upcastEPKS0_PPv
                0x08001512       0x32 /opt/st/stm32cubeide_2.1.1/plugins/com.st.stm32cube.ide.mcu.externaltools.gnu-tools-for-stm32.14.3.rel1.linux64_1.0.100.202602081740/tools/bin/../lib/gcc/arm-none-eabi/14.3.1/../../../../arm-none-eabi/lib/thumb/v7e-m+fp/hard/libstdc++_nano.a(class_type_info.o)
                0x08001512                __cxxabiv1::__class_type_info::__do_upcast(__cxxabiv1::__class_type_info const*, void**) const
 .text._ZNK10__cxxabiv117__class_type_info20__do_find_public_srcEiPKvPKS0_S2_
                0x08001544        0xc /opt/st/stm32cubeide_2.1.1/plugins/com.st.stm32cube.ide.mcu.externaltools.gnu-tools-for-stm32.14.3.rel1.linux64_1.0.100.202602081740/tools/bin/../lib/gcc/arm-none-eabi/14.3.1/../../../../arm-none-eabi/lib/thumb/v7e-m+fp/hard/libstdc++_nano.a(class_type_info.o)
                0x08001544                __cxxabiv1::__class_type_info::__do_find_public_src(int, void const*, __cxxabiv1::__class_type_info const*, void const*) const
 .text._ZN10__cxxabiv117__class_type_infoD2Ev
                0x08001550       0x14 /opt/st/stm32cubeide_2.1.1/plugins/com.st.stm32cube.ide.mcu.externaltools.gnu-tools-for-stm32.14.3.rel1.linux64_1.0.100.202602081740/tools/bin/../lib/gcc/arm-none-eabi/14.3.1/../../../../arm-none-eabi/lib/thumb/v7e-m+fp/hard/libstdc++_nano.a(class_type_info.o)
                0x08001550                __cxxabiv1::__class_type_info::~__class_type_info()
                0x08001550                __cxxabiv1::__class_type_info::~__class_type_info()
 .text._ZN10__cxxabiv117__class_type_infoD0Ev
                0x08001564       0x14 /opt/st/stm32cubeide_2.1.1/plugins/com.st.stm32cube.ide.mcu.externaltools.gnu-tools-for-stm32.14.3.rel1.linux64_1.0.100.202602081740/tools/bin/../lib/gcc/arm-none-eabi/14.3.1/../../../../arm-none-eabi/lib/thumb/v7e-m+fp/hard/libstdc++_nano.a(class_type_info.o)
                0x08001564                __cxxabiv1::__class_type_info::~__class_type_info()
 .text._ZNK10__cxxabiv117__class_type_info12__do_dyncastEiNS0_10__sub_kindEPKS0_PKvS3_S5_RNS0_16__dyncast_resultE
                0x08001578       0x3e /opt/st/stm32cubeide_2.1.1/plugins/com.st.stm32cube.ide.mcu.externaltools.gnu-tools-for-stm32.14.3.rel1.linux64_1.0.100.202602081740/tools/bin/../lib/gcc/arm-none-eabi/14.3.1/../../../../arm-none-eabi/lib/thumb/v7e-m+fp/hard/libstdc++_nano.a(class_type_info.o)
                0x08001578                __cxxabiv1::__class_type_info::__do_dyncast(int, __cxxabiv1::__class_type_info::__sub_kind, __cxxabiv1::__class_type_info const*, void const*, __cxxabiv1::__class_type_info const*, void const*, __cxxabiv1::__class_type_info::__dyncast_result&) const
 .text._ZNK10__cxxabiv117__class_type_info11__do_upcastEPKS0_PKvRNS0_15__upcast_resultE
                0x080015b6       0x18 /opt/st/stm32cubeide_2.1.1/plugins/com.st.stm32cube.ide.mcu.externaltools.gnu-tools-for-stm32.14.3.rel1.linux64_1.0.100.202602081740/tools/bin/../lib/gcc/arm-none-eabi/14.3.1/../../../../arm-none-eabi/lib/thumb/v7e-m+fp/hard/libstdc++_nano.a(class_type_info.o)
                0x080015b6                __cxxabiv1::__class_type_info::__do_upcast(__cxxabiv1::__class_type_info const*, void const*, __cxxabiv1::__class_type_info::__upcast_result&) const
 .text._ZNK10__cxxabiv117__class_type_info10__do_catchEPKSt9type_infoPPvj
                0x080015ce       0x2a /opt/st/stm32cubeide_2.1.1/plugins/com.st.stm32cube.ide.mcu.externaltools.gnu-tools-for-stm32.14.3.rel1.linux64_1.0.100.202602081740/tools/bin/../lib/gcc/arm-none-eabi/14.3.1/../../../../arm-none-eabi/lib/thumb/v7e-m+fp/hard/libstdc++_nano.a(class_type_info.o)
                0x080015ce                __cxxabiv1::__class_type_info::__do_catch(std::type_info const*, void**, unsigned int) const
 .text._ZdlPvj  0x080015f8        0x4 /opt/st/stm32cubeide_2.1.1/plugins/com.st.stm32cube.ide.mcu.externaltools.gnu-tools-for-stm32.14.3.rel1.linux64_1.0.100.202602081740/tools/bin/../lib/gcc/arm-none-eabi/14.3.1/../../../../arm-none-eabi/lib/thumb/v7e-m+fp/hard/libstdc++_nano.a(del_ops.o)
                0x080015f8                operator delete(void*, unsigned int)
 .text._ZN12_GLOBAL__N_14pool4freeEPv.constprop.0
                0x080015fc       0x70 /opt/st/stm32cubeide_2.1.1/plugins/com.st.stm32cube.ide.mcu.externaltools.gnu-tools-for-stm32.14.3.rel1.linux64_1.0.100.202602081740/tools/bin/../lib/gcc/arm-none-eabi/14.3.1/../../../../arm-none-eabi/lib/thumb/v7e-m+fp/hard/libstdc++_nano.a(eh_alloc.o)
 .text._ZN12_GLOBAL__N_14pool8allocateEj.constprop.0
                0x0800166c       0x4c /opt/st/stm32cubeide_2.1.1/plugins/com.st.stm32cube.ide.mcu.externaltools.gnu-tools-for-stm32.14.3.rel1.linux64_1.0.100.202602081740/tools/bin/../lib/gcc/arm-none-eabi/14.3.1/../../../../arm-none-eabi/lib/thumb/v7e-m+fp/hard/libstdc++_nano.a(eh_alloc.o)
 .text.__cxa_allocate_exception
                0x080016b8       0x2c /opt/st/stm32cubeide_2.1.1/plugins/com.st.stm32cube.ide.mcu.externaltools.gnu-tools-for-stm32.14.3.rel1.linux64_1.0.100.202602081740/tools/bin/../lib/gcc/arm-none-eabi/14.3.1/../../../../arm-none-eabi/lib/thumb/v7e-m+fp/hard/libstdc++_nano.a(eh_alloc.o)
                0x080016b8                __cxa_allocate_exception
 .text.__cxa_free_exception
                0x080016e4       0x20 /opt/st/stm32cubeide_2.1.1/plugins/com.st.stm32cube.ide.mcu.externaltools.gnu-tools-for-stm32.14.3.rel1.linux64_1.0.100.202602081740/tools/bin/../lib/gcc/arm-none-eabi/14.3.1/../../../../arm-none-eabi/lib/thumb/v7e-m+fp/hard/libstdc++_nano.a(eh_alloc.o)
                0x080016e4                __cxa_free_exception
 .text._ZNKSt17basic_string_viewIcSt11char_traitsIcEE7compareEjjPKcj
                0x08001704       0x40 /opt/st/stm32cubeide_2.1.1/plugins/com.st.stm32cube.ide.mcu.externaltools.gnu-tools-for-stm32.14.3.rel1.linux64_1.0.100.202602081740/tools/bin/../lib/gcc/arm-none-eabi/14.3.1/../../../../arm-none-eabi/lib/thumb/v7e-m+fp/hard/libstdc++_nano.a(eh_alloc.o)
                0x08001704                std::basic_string_view<char, std::char_traits<char> >::compare(unsigned int, unsigned int, char const*, unsigned int) const
 .text.startup._GLOBAL__sub_I__ZN9__gnu_cxx9__freeresEv
                0x08001744       0xf8 /opt/st/stm32cubeide_2.1.1/plugins/com.st.stm32cube.ide.mcu.externaltools.gnu-tools-for-stm32.14.3.rel1.linux64_1.0.100.202602081740/tools/bin/../lib/gcc/arm-none-eabi/14.3.1/../../../../arm-none-eabi/lib/thumb/v7e-m+fp/hard/libstdc++_nano.a(eh_alloc.o)
 .text._ZN10__cxxabiv1L24__is_gxx_exception_classEPc
                0x0800183c       0x3a /opt/st/stm32cubeide_2.1.1/plugins/com.st.stm32cube.ide.mcu.externaltools.gnu-tools-for-stm32.14.3.rel1.linux64_1.0.100.202602081740/tools/bin/../lib/gcc/arm-none-eabi/14.3.1/../../../../arm-none-eabi/lib/thumb/v7e-m+fp/hard/libstdc++_nano.a(eh_catch.o)
 .text.__cxa_begin_catch
                0x08001876       0x52 /opt/st/stm32cubeide_2.1.1/plugins/com.st.stm32cube.ide.mcu.externaltools.gnu-tools-for-stm32.14.3.rel1.linux64_1.0.100.202602081740/tools/bin/../lib/gcc/arm-none-eabi/14.3.1/../../../../arm-none-eabi/lib/thumb/v7e-m+fp/hard/libstdc++_nano.a(eh_catch.o)
                0x08001876                __cxa_begin_catch
 .text.__cxa_end_catch
                0x080018c8       0x48 /opt/st/stm32cubeide_2.1.1/plugins/com.st.stm32cube.ide.mcu.externaltools.gnu-tools-for-stm32.14.3.rel1.linux64_1.0.100.202602081740/tools/bin/../lib/gcc/arm-none-eabi/14.3.1/../../../../arm-none-eabi/lib/thumb/v7e-m+fp/hard/libstdc++_nano.a(eh_catch.o)
                0x080018c8                __cxa_end_catch
 .text.__cxa_get_globals_fast
                0x08001910        0x8 /opt/st/stm32cubeide_2.1.1/plugins/com.st.stm32cube.ide.mcu.externaltools.gnu-tools-for-stm32.14.3.rel1.linux64_1.0.100.202602081740/tools/bin/../lib/gcc/arm-none-eabi/14.3.1/../../../../arm-none-eabi/lib/thumb/v7e-m+fp/hard/libstdc++_nano.a(eh_globals.o)
                0x08001910                __cxa_get_globals_fast
 .text.__cxa_get_globals
                0x08001918        0x8 /opt/st/stm32cubeide_2.1.1/plugins/com.st.stm32cube.ide.mcu.externaltools.gnu-tools-for-stm32.14.3.rel1.linux64_1.0.100.202602081740/tools/bin/../lib/gcc/arm-none-eabi/14.3.1/../../../../arm-none-eabi/lib/thumb/v7e-m+fp/hard/libstdc++_nano.a(eh_globals.o)
                0x08001918                __cxa_get_globals
 .text._ZL12read_uleb128PKhPm
                0x08001920       0x1e /opt/st/stm32cubeide_2.1.1/plugins/com.st.stm32cube.ide.mcu.externaltools.gnu-tools-for-stm32.14.3.rel1.linux64_1.0.100.202602081740/tools/bin/../lib/gcc/arm-none-eabi/14.3.1/../../../../arm-none-eabi/lib/thumb/v7e-m+fp/hard/libstdc++_nano.a(eh_personality.o)
 .text._ZL12read_sleb128PKhPl
                0x0800193e       0x30 /opt/st/stm32cubeide_2.1.1/plugins/com.st.stm32cube.ide.mcu.externaltools.gnu-tools-for-stm32.14.3.rel1.linux64_1.0.100.202602081740/tools/bin/../lib/gcc/arm-none-eabi/14.3.1/../../../../arm-none-eabi/lib/thumb/v7e-m+fp/hard/libstdc++_nano.a(eh_personality.o)
 .text._ZL28read_encoded_value_with_basehjPKhPj
                0x0800196e       0x8c /opt/st/stm32cubeide_2.1.1/plugins/com.st.stm32cube.ide.mcu.externaltools.gnu-tools-for-stm32.14.3.rel1.linux64_1.0.100.202602081740/tools/bin/../lib/gcc/arm-none-eabi/14.3.1/../../../../arm-none-eabi/lib/thumb/v7e-m+fp/hard/libstdc++_nano.a(eh_personality.o)
 .text._ZL21base_of_encoded_valuehP15_Unwind_Context
                0x080019fa       0x42 /opt/st/stm32cubeide_2.1.1/plugins/com.st.stm32cube.ide.mcu.externaltools.gnu-tools-for-stm32.14.3.rel1.linux64_1.0.100.202602081740/tools/bin/../lib/gcc/arm-none-eabi/14.3.1/../../../../arm-none-eabi/lib/thumb/v7e-m+fp/hard/libstdc++_nano.a(eh_personality.o)
 .text._ZL18read_encoded_valueP15_Unwind_ContexthPKhPj
                0x08001a3c       0x20 /opt/st/stm32cubeide_2.1.1/plugins/com.st.stm32cube.ide.mcu.externaltools.gnu-tools-for-stm32.14.3.rel1.linux64_1.0.100.202602081740/tools/bin/../lib/gcc/arm-none-eabi/14.3.1/../../../../arm-none-eabi/lib/thumb/v7e-m+fp/hard/libstdc++_nano.a(eh_personality.o)
 .text._ZL17parse_lsda_headerP15_Unwind_ContextPKhP16lsda_header_info
                0x08001a5c       0x5e /opt/st/stm32cubeide_2.1.1/plugins/com.st.stm32cube.ide.mcu.externaltools.gnu-tools-for-stm32.14.3.rel1.linux64_1.0.100.202602081740/tools/bin/../lib/gcc/arm-none-eabi/14.3.1/../../../../arm-none-eabi/lib/thumb/v7e-m+fp/hard/libstdc++_nano.a(eh_personality.o)
 .text._Unwind_GetGR
                0x08001aba       0x16 /opt/st/stm32cubeide_2.1.1/plugins/com.st.stm32cube.ide.mcu.externaltools.gnu-tools-for-stm32.14.3.rel1.linux64_1.0.100.202602081740/tools/bin/../lib/gcc/arm-none-eabi/14.3.1/../../../../arm-none-eabi/lib/thumb/v7e-m+fp/hard/libstdc++_nano.a(eh_personality.o)
 .text.__gxx_personality_v0
                0x08001ad0      0x34c /opt/st/stm32cubeide_2.1.1/plugins/com.st.stm32cube.ide.mcu.externaltools.gnu-tools-for-stm32.14.3.rel1.linux64_1.0.100.202602081740/tools/bin/../lib/gcc/arm-none-eabi/14.3.1/../../../../arm-none-eabi/lib/thumb/v7e-m+fp/hard/libstdc++_nano.a(eh_personality.o)
                0x08001ad0                __gxx_personality_v0
 .text._ZN10__cxxabiv111__terminateEPFvvE
                0x08001e1c        0x8 /opt/st/stm32cubeide_2.1.1/plugins/com.st.stm32cube.ide.mcu.externaltools.gnu-tools-for-stm32.14.3.rel1.linux64_1.0.100.202602081740/tools/bin/../lib/gcc/arm-none-eabi/14.3.1/../../../../arm-none-eabi/lib/thumb/v7e-m+fp/hard/libstdc++_nano.a(eh_terminate.o)
                0x08001e1c                __cxxabiv1::__terminate(void (*)())
 .text._ZSt13get_terminatev
                0x08001e24       0x10 /opt/st/stm32cubeide_2.1.1/plugins/com.st.stm32cube.ide.mcu.externaltools.gnu-tools-for-stm32.14.3.rel1.linux64_1.0.100.202602081740/tools/bin/../lib/gcc/arm-none-eabi/14.3.1/../../../../arm-none-eabi/lib/thumb/v7e-m+fp/hard/libstdc++_nano.a(eh_terminate.o)
                0x08001e24                std::get_terminate()
 .text.unlikely._ZSt9terminatev
                0x08001e34        0xa /opt/st/stm32cubeide_2.1.1/plugins/com.st.stm32cube.ide.mcu.externaltools.gnu-tools-for-stm32.14.3.rel1.linux64_1.0.100.202602081740/tools/bin/../lib/gcc/arm-none-eabi/14.3.1/../../../../arm-none-eabi/lib/thumb/v7e-m+fp/hard/libstdc++_nano.a(eh_terminate.o)
                0x08001e34                std::terminate()
 .text._ZN10__cxxabiv112__unexpectedEPFvvE
                0x08001e3e        0x8 /opt/st/stm32cubeide_2.1.1/plugins/com.st.stm32cube.ide.mcu.externaltools.gnu-tools-for-stm32.14.3.rel1.linux64_1.0.100.202602081740/tools/bin/../lib/gcc/arm-none-eabi/14.3.1/../../../../arm-none-eabi/lib/thumb/v7e-m+fp/hard/libstdc++_nano.a(eh_terminate.o)
                0x08001e3e                __cxxabiv1::__unexpected(void (*)())
 *fill*         0x08001e46        0x2 
 .text._ZSt14get_unexpectedv
                0x08001e48       0x10 /opt/st/stm32cubeide_2.1.1/plugins/com.st.stm32cube.ide.mcu.externaltools.gnu-tools-for-stm32.14.3.rel1.linux64_1.0.100.202602081740/tools/bin/../lib/gcc/arm-none-eabi/14.3.1/../../../../arm-none-eabi/lib/thumb/v7e-m+fp/hard/libstdc++_nano.a(eh_terminate.o)
                0x08001e48                std::get_unexpected()
 .text.unlikely._ZSt10unexpectedv
                0x08001e58        0xa /opt/st/stm32cubeide_2.1.1/plugins/com.st.stm32cube.ide.mcu.externaltools.gnu-tools-for-stm32.14.3.rel1.linux64_1.0.100.202602081740/tools/bin/../lib/gcc/arm-none-eabi/14.3.1/../../../../arm-none-eabi/lib/thumb/v7e-m+fp/hard/libstdc++_nano.a(eh_terminate.o)
                0x08001e58                std::unexpected()
 .text._ZL23__gxx_exception_cleanup19_Unwind_Reason_CodeP21_Unwind_Control_Block
                0x08001e62       0x44 /opt/st/stm32cubeide_2.1.1/plugins/com.st.stm32cube.ide.mcu.externaltools.gnu-tools-for-stm32.14.3.rel1.linux64_1.0.100.202602081740/tools/bin/../lib/gcc/arm-none-eabi/14.3.1/../../../../arm-none-eabi/lib/thumb/v7e-m+fp/hard/libstdc++_nano.a(eh_throw.o)
 *fill*         0x08001ea6        0x2 
 .text.__cxa_init_primary_exception
                0x08001ea8       0x58 /opt/st/stm32cubeide_2.1.1/plugins/com.st.stm32cube.ide.mcu.externaltools.gnu-tools-for-stm32.14.3.rel1.linux64_1.0.100.202602081740/tools/bin/../lib/gcc/arm-none-eabi/14.3.1/../../../../arm-none-eabi/lib/thumb/v7e-m+fp/hard/libstdc++_nano.a(eh_throw.o)
                0x08001ea8                __cxa_init_primary_exception
 .text.__cxa_throw
                0x08001f00       0x34 /opt/st/stm32cubeide_2.1.1/plugins/com.st.stm32cube.ide.mcu.externaltools.gnu-tools-for-stm32.14.3.rel1.linux64_1.0.100.202602081740/tools/bin/../lib/gcc/arm-none-eabi/14.3.1/../../../../arm-none-eabi/lib/thumb/v7e-m+fp/hard/libstdc++_nano.a(eh_throw.o)
                0x08001f00                __cxa_throw
 .text._Znwj    0x08001f34       0x22 /opt/st/stm32cubeide_2.1.1/plugins/com.st.stm32cube.ide.mcu.externaltools.gnu-tools-for-stm32.14.3.rel1.linux64_1.0.100.202602081740/tools/bin/../lib/gcc/arm-none-eabi/14.3.1/../../../../arm-none-eabi/lib/thumb/v7e-m+fp/hard/libstdc++_nano.a(new_op.o)
                0x08001f34                operator new(unsigned int)
 *fill*         0x08001f56        0x2 
 .text._ZN10__cxxabiv120__si_class_type_infoD2Ev
                0x08001f58       0x14 /opt/st/stm32cubeide_2.1.1/plugins/com.st.stm32cube.ide.mcu.externaltools.gnu-tools-for-stm32.14.3.rel1.linux64_1.0.100.202602081740/tools/bin/../lib/gcc/arm-none-eabi/14.3.1/../../../../arm-none-eabi/lib/thumb/v7e-m+fp/hard/libstdc++_nano.a(si_class_type_info.o)
                0x08001f58                __cxxabiv1::__si_class_type_info::~__si_class_type_info()
                0x08001f58                __cxxabiv1::__si_class_type_info::~__si_class_type_info()
 .text._ZN10__cxxabiv120__si_class_type_infoD0Ev
                0x08001f6c       0x14 /opt/st/stm32cubeide_2.1.1/plugins/com.st.stm32cube.ide.mcu.externaltools.gnu-tools-for-stm32.14.3.rel1.linux64_1.0.100.202602081740/tools/bin/../lib/gcc/arm-none-eabi/14.3.1/../../../../arm-none-eabi/lib/thumb/v7e-m+fp/hard/libstdc++_nano.a(si_class_type_info.o)
                0x08001f6c                __cxxabiv1::__si_class_type_info::~__si_class_type_info()
 .text._ZNK10__cxxabiv120__si_class_type_info20__do_find_public_srcEiPKvPKNS_17__class_type_infoES2_
                0x08001f80       0x3c /opt/st/stm32cubeide_2.1.1/plugins/com.st.stm32cube.ide.mcu.externaltools.gnu-tools-for-stm32.14.3.rel1.linux64_1.0.100.202602081740/tools/bin/../lib/gcc/arm-none-eabi/14.3.1/../../../../arm-none-eabi/lib/thumb/v7e-m+fp/hard/libstdc++_nano.a(si_class_type_info.o)
                0x08001f80                __cxxabiv1::__si_class_type_info::__do_find_public_src(int, void const*, __cxxabiv1::__class_type_info const*, void const*) const
 .text._ZNK10__cxxabiv120__si_class_type_info12__do_dyncastEiNS_17__class_type_info10__sub_kindEPKS1_PKvS4_S6_RNS1_16__dyncast_resultE
                0x08001fbc       0x74 /opt/st/stm32cubeide_2.1.1/plugins/com.st.stm32cube.ide.mcu.externaltools.gnu-tools-for-stm32.14.3.rel1.linux64_1.0.100.202602081740/tools/bin/../lib/gcc/arm-none-eabi/14.3.1/../../../../arm-none-eabi/lib/thumb/v7e-m+fp/hard/libstdc++_nano.a(si_class_type_info.o)
                0x08001fbc                __cxxabiv1::__si_class_type_info::__do_dyncast(int, __cxxabiv1::__class_type_info::__sub_kind, __cxxabiv1::__class_type_info const*, void const*, __cxxabiv1::__class_type_info const*, void const*, __cxxabiv1::__class_type_info::__dyncast_result&) const
 .text._ZNK10__cxxabiv120__si_class_type_info11__do_upcastEPKNS_17__class_type_infoEPKvRNS1_15__upcast_resultE
                0x08002030       0x2a /opt/st/stm32cubeide_2.1.1/plugins/com.st.stm32cube.ide.mcu.externaltools.gnu-tools-for-stm32.14.3.rel1.linux64_1.0.100.202602081740/tools/bin/../lib/gcc/arm-none-eabi/14.3.1/../../../../arm-none-eabi/lib/thumb/v7e-m+fp/hard/libstdc++_nano.a(si_class_type_info.o)
                0x08002030                __cxxabiv1::__si_class_type_info::__do_upcast(__cxxabiv1::__class_type_info const*, void const*, __cxxabiv1::__class_type_info::__upcast_result&) const
 .text._ZNSt9type_infoD2Ev
                0x0800205a        0x2 /opt/st/stm32cubeide_2.1.1/plugins/com.st.stm32cube.ide.mcu.externaltools.gnu-tools-for-stm32.14.3.rel1.linux64_1.0.100.202602081740/tools/bin/../lib/gcc/arm-none-eabi/14.3.1/../../../../arm-none-eabi/lib/thumb/v7e-m+fp/hard/libstdc++_nano.a(tinfo.o)
                0x0800205a                std::type_info::~type_info()
                0x0800205a                std::type_info::~type_info()
 .text._ZNKSt9type_info14__is_pointer_pEv
                0x0800205c        0x4 /opt/st/stm32cubeide_2.1.1/plugins/com.st.stm32cube.ide.mcu.externaltools.gnu-tools-for-stm32.14.3.rel1.linux64_1.0.100.202602081740/tools/bin/../lib/gcc/arm-none-eabi/14.3.1/../../../../arm-none-eabi/lib/thumb/v7e-m+fp/hard/libstdc++_nano.a(tinfo.o)
                0x0800205c                std::type_info::__is_function_p() const
                0x0800205c                std::type_info::__is_pointer_p() const
 .text._ZNKSt9type_infoeqERKS_
                0x08002060       0x2c /opt/st/stm32cubeide_2.1.1/plugins/com.st.stm32cube.ide.mcu.externaltools.gnu-tools-for-stm32.14.3.rel1.linux64_1.0.100.202602081740/tools/bin/../lib/gcc/arm-none-eabi/14.3.1/../../../../arm-none-eabi/lib/thumb/v7e-m+fp/hard/libstdc++_nano.a(tinfo.o)
                0x08002060                std::type_info::__equal(std::type_info const&) const
                0x08002060                std::type_info::operator==(std::type_info const&) const
 .text.unlikely._ZSt24__throw_out_of_range_fmtPKcz
                0x0800208c        0x8 /opt/st/stm32cubeide_2.1.1/plugins/com.st.stm32cube.ide.mcu.externaltools.gnu-tools-for-stm32.14.3.rel1.linux64_1.0.100.202602081740/tools/bin/../lib/gcc/arm-none-eabi/14.3.1/../../../../arm-none-eabi/lib/thumb/v7e-m+fp/hard/libstdc++_nano.a(functexcept.o)
                0x0800208c                std::__throw_out_of_range_fmt(char const*, ...)
 .text._ZdlPv   0x08002094        0x4 /opt/st/stm32cubeide_2.1.1/plugins/com.st.stm32cube.ide.mcu.externaltools.gnu-tools-for-stm32.14.3.rel1.linux64_1.0.100.202602081740/tools/bin/../lib/gcc/arm-none-eabi/14.3.1/../../../../arm-none-eabi/lib/thumb/v7e-m+fp/hard/libstdc++_nano.a(del_op.o)
                0x08002094                operator delete(void*)
 .text._ZN10__cxxabiv1L24__is_gxx_exception_classEPc
                0x08002098       0x3a /opt/st/stm32cubeide_2.1.1/plugins/com.st.stm32cube.ide.mcu.externaltools.gnu-tools-for-stm32.14.3.rel1.linux64_1.0.100.202602081740/tools/bin/../lib/gcc/arm-none-eabi/14.3.1/../../../../arm-none-eabi/lib/thumb/v7e-m+fp/hard/libstdc++_nano.a(eh_arm.o)
 *fill*         0x080020d2        0x2 
 .text.__cxa_type_match
                0x080020d4       0xa4 /opt/st/stm32cubeide_2.1.1/plugins/com.st.stm32cube.ide.mcu.externaltools.gnu-tools-for-stm32.14.3.rel1.linux64_1.0.100.202602081740/tools/bin/../lib/gcc/arm-none-eabi/14.3.1/../../../../arm-none-eabi/lib/thumb/v7e-m+fp/hard/libstdc++_nano.a(eh_arm.o)
                0x080020d4                __cxa_type_match
 .text.__cxa_begin_cleanup
                0x08002178       0x3a /opt/st/stm32cubeide_2.1.1/plugins/com.st.stm32cube.ide.mcu.externaltools.gnu-tools-for-stm32.14.3.rel1.linux64_1.0.100.202602081740/tools/bin/../lib/gcc/arm-none-eabi/14.3.1/../../../../arm-none-eabi/lib/thumb/v7e-m+fp/hard/libstdc++_nano.a(eh_arm.o)
                0x08002178                __cxa_begin_cleanup
 .text._ZN10__cxxabiv1L24__is_gxx_exception_classEPc
                0x080021b2       0x3a /opt/st/stm32cubeide_2.1.1/plugins/com.st.stm32cube.ide.mcu.externaltools.gnu-tools-for-stm32.14.3.rel1.linux64_1.0.100.202602081740/tools/bin/../lib/gcc/arm-none-eabi/14.3.1/../../../../arm-none-eabi/lib/thumb/v7e-m+fp/hard/libstdc++_nano.a(eh_call.o)
 .text.__cxa_call_terminate
                0x080021ec       0x1e /opt/st/stm32cubeide_2.1.1/plugins/com.st.stm32cube.ide.mcu.externaltools.gnu-tools-for-stm32.14.3.rel1.linux64_1.0.100.202602081740/tools/bin/../lib/gcc/arm-none-eabi/14.3.1/../../../../arm-none-eabi/lib/thumb/v7e-m+fp/hard/libstdc++_nano.a(eh_call.o)
                0x080021ec                __cxa_call_terminate
 .text.__cxa_call_unexpected
                0x0800220a       0x28 /opt/st/stm32cubeide_2.1.1/plugins/com.st.stm32cube.ide.mcu.externaltools.gnu-tools-for-stm32.14.3.rel1.linux64_1.0.100.202602081740/tools/bin/../lib/gcc/arm-none-eabi/14.3.1/../../../../arm-none-eabi/lib/thumb/v7e-m+fp/hard/libstdc++_nano.a(eh_call.o)
                0x0800220a                __cxa_call_unexpected
 *fill*         0x08002232        0x2 
 .text._ZSt15get_new_handlerv
                0x08002234       0x10 /opt/st/stm32cubeide_2.1.1/plugins/com.st.stm32cube.ide.mcu.externaltools.gnu-tools-for-stm32.14.3.rel1.linux64_1.0.100.202602081740/tools/bin/../lib/gcc/arm-none-eabi/14.3.1/../../../../arm-none-eabi/lib/thumb/v7e-m+fp/hard/libstdc++_nano.a(new_handler.o)
                0x08002234                std::get_new_handler()
 .text.abort    0x08002244        0xe /opt/st/stm32cubeide_2.1.1/plugins/com.st.stm32cube.ide.mcu.externaltools.gnu-tools-for-stm32.14.3.rel1.linux64_1.0.100.202602081740/tools/bin/../lib/gcc/arm-none-eabi/14.3.1/../../../../arm-none-eabi/lib/thumb/v7e-m+fp/hard/libc_nano.a(libc_a-abort.o)
                0x08002244                abort
 *fill*         0x08002252        0x2 
 .text.getenv   0x08002254       0x18 /opt/st/stm32cubeide_2.1.1/plugins/com.st.stm32cube.ide.mcu.externaltools.gnu-tools-for-stm32.14.3.rel1.linux64_1.0.100.202602081740/tools/bin/../lib/gcc/arm-none-eabi/14.3.1/../../../../arm-none-eabi/lib/thumb/v7e-m+fp/hard/libc_nano.a(libc_a-getenv.o)
                0x08002254                getenv
 .text._findenv_r
                0x0800226c       0x78 /opt/st/stm32cubeide_2.1.1/plugins/com.st.stm32cube.ide.mcu.externaltools.gnu-tools-for-stm32.14.3.rel1.linux64_1.0.100.202602081740/tools/bin/../lib/gcc/arm-none-eabi/14.3.1/../../../../arm-none-eabi/lib/thumb/v7e-m+fp/hard/libc_nano.a(libc_a-getenv_r.o)
                0x0800226c                _findenv_r
 .text.malloc   0x080022e4       0x10 /opt/st/stm32cubeide_2.1.1/plugins/com.st.stm32cube.ide.mcu.externaltools.gnu-tools-for-stm32.14.3.rel1.linux64_1.0.100.202602081740/tools/bin/../lib/gcc/arm-none-eabi/14.3.1/../../../../arm-none-eabi/lib/thumb/v7e-m+fp/hard/libc_nano.a(libc_a-malloc.o)
                0x080022e4                malloc
 .text.free     0x080022f4       0x10 /opt/st/stm32cubeide_2.1.1/plugins/com.st.stm32cube.ide.mcu.externaltools.gnu-tools-for-stm32.14.3.rel1.linux64_1.0.100.202602081740/tools/bin/../lib/gcc/arm-none-eabi/14.3.1/../../../../arm-none-eabi/lib/thumb/v7e-m+fp/hard/libc_nano.a(libc_a-malloc.o)
                0x080022f4                free
 .text.sbrk_aligned
                0x08002304       0x44 /opt/st/stm32cubeide_2.1.1/plugins/com.st.stm32cube.ide.mcu.externaltools.gnu-tools-for-stm32.14.3.rel1.linux64_1.0.100.202602081740/tools/bin/../lib/gcc/arm-none-eabi/14.3.1/../../../../arm-none-eabi/lib/thumb/v7e-m+fp/hard/libc_nano.a(libc_a-mallocr.o)
 .text._malloc_r
                0x08002348      0x100 /opt/st/stm32cubeide_2.1.1/plugins/com.st.stm32cube.ide.mcu.externaltools.gnu-tools-for-stm32.14.3.rel1.linux64_1.0.100.202602081740/tools/bin/../lib/gcc/arm-none-eabi/14.3.1/../../../../arm-none-eabi/lib/thumb/v7e-m+fp/hard/libc_nano.a(libc_a-mallocr.o)
                0x08002348                _malloc_r
 .text.__malloc_lock
                0x08002448        0xc /opt/st/stm32cubeide_2.1.1/plugins/com.st.stm32cube.ide.mcu.externaltools.gnu-tools-for-stm32.14.3.rel1.linux64_1.0.100.202602081740/tools/bin/../lib/gcc/arm-none-eabi/14.3.1/../../../../arm-none-eabi/lib/thumb/v7e-m+fp/hard/libc_nano.a(libc_a-mlock.o)
                0x08002448                __malloc_lock
 .text.__malloc_unlock
                0x08002454        0xc /opt/st/stm32cubeide_2.1.1/plugins/com.st.stm32cube.ide.mcu.externaltools.gnu-tools-for-stm32.14.3.rel1.linux64_1.0.100.202602081740/tools/bin/../lib/gcc/arm-none-eabi/14.3.1/../../../../arm-none-eabi/lib/thumb/v7e-m+fp/hard/libc_nano.a(libc_a-mlock.o)
                0x08002454                __malloc_unlock
 .text._strtoul_l.isra.0
                0x08002460       0xdc /opt/st/stm32cubeide_2.1.1/plugins/com.st.stm32cube.ide.mcu.externaltools.gnu-tools-for-stm32.14.3.rel1.linux64_1.0.100.202602081740/tools/bin/../lib/gcc/arm-none-eabi/14.3.1/../../../../arm-none-eabi/lib/thumb/v7e-m+fp/hard/libc_nano.a(libc_a-strtoul.o)
 .text.strtoul  0x0800253c       0x14 /opt/st/stm32cubeide_2.1.1/plugins/com.st.stm32cube.ide.mcu.externaltools.gnu-tools-for-stm32.14.3.rel1.linux64_1.0.100.202602081740/tools/bin/../lib/gcc/arm-none-eabi/14.3.1/../../../../arm-none-eabi/lib/thumb/v7e-m+fp/hard/libc_nano.a(libc_a-strtoul.o)
                0x0800253c                strtoul
 .text.memcmp   0x08002550       0x20 /opt/st/stm32cubeide_2.1.1/plugins/com.st.stm32cube.ide.mcu.externaltools.gnu-tools-for-stm32.14.3.rel1.linux64_1.0.100.202602081740/tools/bin/../lib/gcc/arm-none-eabi/14.3.1/../../../../arm-none-eabi/lib/thumb/v7e-m+fp/hard/libc_nano.a(libc_a-memcmp.o)
                0x08002550                memcmp
 .text.memset   0x08002570       0x10 /opt/st/stm32cubeide_2.1.1/plugins/com.st.stm32cube.ide.mcu.externaltools.gnu-tools-for-stm32.14.3.rel1.linux64_1.0.100.202602081740/tools/bin/../lib/gcc/arm-none-eabi/14.3.1/../../../../arm-none-eabi/lib/thumb/v7e-m+fp/hard/libc_nano.a(libc_a-memset.o)
                0x08002570                memset
 .text.strchr   0x08002580       0x1a /opt/st/stm32cubeide_2.1.1/plugins/com.st.stm32cube.ide.mcu.externaltools.gnu-tools-for-stm32.14.3.rel1.linux64_1.0.100.202602081740/tools/bin/../lib/gcc/arm-none-eabi/14.3.1/../../../../arm-none-eabi/lib/thumb/v7e-m+fp/hard/libc_nano.a(libc_a-strchr.o)
                0x08002580                strchr
 .text.strncmp  0x0800259a       0x24 /opt/st/stm32cubeide_2.1.1/plugins/com.st.stm32cube.ide.mcu.externaltools.gnu-tools-for-stm32.14.3.rel1.linux64_1.0.100.202602081740/tools/bin/../lib/gcc/arm-none-eabi/14.3.1/../../../../arm-none-eabi/lib/thumb/v7e-m+fp/hard/libc_nano.a(libc_a-strncmp.o)
                0x0800259a                strncmp
 .text._raise_r
                0x080025be       0x50 /opt/st/stm32cubeide_2.1.1/plugins/com.st.stm32cube.ide.mcu.externaltools.gnu-tools-for-stm32.14.3.rel1.linux64_1.0.100.202602081740/tools/bin/../lib/gcc/arm-none-eabi/14.3.1/../../../../arm-none-eabi/lib/thumb/v7e-m+fp/hard/libc_nano.a(libc_a-signal.o)
                0x080025be                _raise_r
 *fill*         0x0800260e        0x2 
 .text.raise    0x08002610       0x10 /opt/st/stm32cubeide_2.1.1/plugins/com.st.stm32cube.ide.mcu.externaltools.gnu-tools-for-stm32.14.3.rel1.linux64_1.0.100.202602081740/tools/bin/../lib/gcc/arm-none-eabi/14.3.1/../../../../arm-none-eabi/lib/thumb/v7e-m+fp/hard/libc_nano.a(libc_a-signal.o)
                0x08002610                raise
 .text._kill_r  0x08002620       0x24 /opt/st/stm32cubeide_2.1.1/plugins/com.st.stm32cube.ide.mcu.externaltools.gnu-tools-for-stm32.14.3.rel1.linux64_1.0.100.202602081740/tools/bin/../lib/gcc/arm-none-eabi/14.3.1/../../../../arm-none-eabi/lib/thumb/v7e-m+fp/hard/libc_nano.a(libc_a-signalr.o)
                0x08002620                _kill_r
 .text._getpid_r
                0x08002644        0x4 /opt/st/stm32cubeide_2.1.1/plugins/com.st.stm32cube.ide.mcu.externaltools.gnu-tools-for-stm32.14.3.rel1.linux64_1.0.100.202602081740/tools/bin/../lib/gcc/arm-none-eabi/14.3.1/../../../../arm-none-eabi/lib/thumb/v7e-m+fp/hard/libc_nano.a(libc_a-signalr.o)
                0x08002644                _getpid_r
 .text._sbrk_r  0x08002648       0x20 /opt/st/stm32cubeide_2.1.1/plugins/com.st.stm32cube.ide.mcu.externaltools.gnu-tools-for-stm32.14.3.rel1.linux64_1.0.100.202602081740/tools/bin/../lib/gcc/arm-none-eabi/14.3.1/../../../../arm-none-eabi/lib/thumb/v7e-m+fp/hard/libc_nano.a(libc_a-sbrkr.o)
                0x08002648                _sbrk_r
 .text.__errno  0x08002668        0xc /opt/st/stm32cubeide_2.1.1/plugins/com.st.stm32cube.ide.mcu.externaltools.gnu-tools-for-stm32.14.3.rel1.linux64_1.0.100.202602081740/tools/bin/../lib/gcc/arm-none-eabi/14.3.1/../../../../arm-none-eabi/lib/thumb/v7e-m+fp/hard/libc_nano.a(libc_a-errno.o)
                0x08002668                __errno
 .text.__libc_init_array
                0x08002674       0x48 /opt/st/stm32cubeide_2.1.1/plugins/com.st.stm32cube.ide.mcu.externaltools.gnu-tools-for-stm32.14.3.rel1.linux64_1.0.100.202602081740/tools/bin/../lib/gcc/arm-none-eabi/14.3.1/../../../../arm-none-eabi/lib/thumb/v7e-m+fp/hard/libc_nano.a(libc_a-init.o)
                0x08002674                __libc_init_array
 .text.__retarget_lock_acquire_recursive
                0x080026bc        0x2 /opt/st/stm32cubeide_2.1.1/plugins/com.st.stm32cube.ide.mcu.externaltools.gnu-tools-for-stm32.14.3.rel1.linux64_1.0.100.202602081740/tools/bin/../lib/gcc/arm-none-eabi/14.3.1/../../../../arm-none-eabi/lib/thumb/v7e-m+fp/hard/libc_nano.a(libc_a-lock.o)
                0x080026bc                __retarget_lock_acquire_recursive
 .text.__retarget_lock_release_recursive
                0x080026be        0x2 /opt/st/stm32cubeide_2.1.1/plugins/com.st.stm32cube.ide.mcu.externaltools.gnu-tools-for-stm32.14.3.rel1.linux64_1.0.100.202602081740/tools/bin/../lib/gcc/arm-none-eabi/14.3.1/../../../../arm-none-eabi/lib/thumb/v7e-m+fp/hard/libc_nano.a(libc_a-lock.o)
                0x080026be                __retarget_lock_release_recursive
 .text.__env_lock
                0x080026c0        0xc /opt/st/stm32cubeide_2.1.1/plugins/com.st.stm32cube.ide.mcu.externaltools.gnu-tools-for-stm32.14.3.rel1.linux64_1.0.100.202602081740/tools/bin/../lib/gcc/arm-none-eabi/14.3.1/../../../../arm-none-eabi/lib/thumb/v7e-m+fp/hard/libc_nano.a(libc_a-envlock.o)
                0x080026c0                __env_lock
 .text.__env_unlock
                0x080026cc        0xc /opt/st/stm32cubeide_2.1.1/plugins/com.st.stm32cube.ide.mcu.externaltools.gnu-tools-for-stm32.14.3.rel1.linux64_1.0.100.202602081740/tools/bin/../lib/gcc/arm-none-eabi/14.3.1/../../../../arm-none-eabi/lib/thumb/v7e-m+fp/hard/libc_nano.a(libc_a-envlock.o)
                0x080026cc                __env_unlock
 .text._free_r  0x080026d8       0x94 /opt/st/stm32cubeide_2.1.1/plugins/com.st.stm32cube.ide.mcu.externaltools.gnu-tools-for-stm32.14.3.rel1.linux64_1.0.100.202602081740/tools/bin/../lib/gcc/arm-none-eabi/14.3.1/../../../../arm-none-eabi/lib/thumb/v7e-m+fp/hard/libc_nano.a(libc_a-freer.o)
                0x080026d8                _free_r
 .text.unlikely
                0x0800276c        0xc /opt/st/stm32cubeide_2.1.1/plugins/com.st.stm32cube.ide.mcu.externaltools.gnu-tools-for-stm32.14.3.rel1.linux64_1.0.100.202602081740/tools/bin/../lib/gcc/arm-none-eabi/14.3.1/thumb/v7e-m+fp/hard/libgcc.a(pr-support.o)
                0x0800276c                _Unwind_GetDataRelBase
                0x08002772                _Unwind_GetTextRelBase
 .text.memcpy   0x08002778       0x1c /opt/st/stm32cubeide_2.1.1/plugins/com.st.stm32cube.ide.mcu.externaltools.gnu-tools-for-stm32.14.3.rel1.linux64_1.0.100.202602081740/tools/bin/../lib/gcc/arm-none-eabi/14.3.1/../../../../arm-none-eabi/lib/thumb/v7e-m+fp/hard/libc_nano.a(libc_a-memcpy-stub.o)
                0x08002778                memcpy
 *(.glue_7)
 .glue_7        0x08002794        0x0 linker stubs
 *(.glue_7t)
 .glue_7t       0x08002794        0x0 linker stubs
 *(.eh_frame)
 .eh_frame      0x08002794        0x0 /opt/st/stm32cubeide_2.1.1/plugins/com.st.stm32cube.ide.mcu.externaltools.gnu-tools-for-stm32.14.3.rel1.linux64_1.0.100.202602081740/tools/bin/../lib/gcc/arm-none-eabi/14.3.1/thumb/v7e-m+fp/hard/crtbegin.o
 *(.init)
 .init          0x08002794        0x4 /opt/st/stm32cubeide_2.1.1/plugins/com.st.stm32cube.ide.mcu.externaltools.gnu-tools-for-stm32.14.3.rel1.linux64_1.0.100.202602081740/tools/bin/../lib/gcc/arm-none-eabi/14.3.1/thumb/v7e-m+fp/hard/crti.o
                0x08002794                _init
 .init          0x08002798        0x8 /opt/st/stm32cubeide_2.1.1/plugins/com.st.stm32cube.ide.mcu.externaltools.gnu-tools-for-stm32.14.3.rel1.linux64_1.0.100.202602081740/tools/bin/../lib/gcc/arm-none-eabi/14.3.1/thumb/v7e-m+fp/hard/crtn.o
 *(.fini)
 .fini          0x080027a0        0x4 /opt/st/stm32cubeide_2.1.1/plugins/com.st.stm32cube.ide.mcu.externaltools.gnu-tools-for-stm32.14.3.rel1.linux64_1.0.100.202602081740/tools/bin/../lib/gcc/arm-none-eabi/14.3.1/thumb/v7e-m+fp/hard/crti.o
                0x080027a0                _fini
 .fini          0x080027a4        0x8 /opt/st/stm32cubeide_2.1.1/plugins/com.st.stm32cube.ide.mcu.externaltools.gnu-tools-for-stm32.14.3.rel1.linux64_1.0.100.202602081740/tools/bin/../lib/gcc/arm-none-eabi/14.3.1/thumb/v7e-m+fp/hard/crtn.o
                0x080027ac                        . = ALIGN (0x4)
                0x080027ac                        _etext = .

.vfp11_veneer   0x080027ac        0x0
 .vfp11_veneer  0x080027ac        0x0 linker stubs

.v4_bx          0x080027ac        0x0
 .v4_bx         0x080027ac        0x0 linker stubs

.iplt           0x080027ac        0x0
 .iplt          0x080027ac        0x0 /opt/st/stm32cubeide_2.1.1/plugins/com.st.stm32cube.ide.mcu.externaltools.gnu-tools-for-stm32.14.3.rel1.linux64_1.0.100.202602081740/tools/bin/../lib/gcc/arm-none-eabi/14.3.1/thumb/v7e-m+fp/hard/crtbegin.o

.rodata         0x080027ac      0x2b4
                0x080027ac                        . = ALIGN (0x4)
 *(.rodata)
 *(.rodata*)
 .rodata._ZTI3LED
                0x080027ac        0x8 ./Src/main.o
                0x080027ac                typeinfo for LED
 .rodata._ZTS3LED
                0x080027b4        0x5 ./Src/main.o
                0x080027b4                typeinfo name for LED
 .rodata._ZTSN10__cxxabiv117__class_type_infoE
                0x080027b9       0x22 /opt/st/stm32cubeide_2.1.1/plugins/com.st.stm32cube.ide.mcu.externaltools.gnu-tools-for-stm32.14.3.rel1.linux64_1.0.100.202602081740/tools/bin/../lib/gcc/arm-none-eabi/14.3.1/../../../../arm-none-eabi/lib/thumb/v7e-m+fp/hard/libstdc++_nano.a(class_type_info.o)
                0x080027b9                typeinfo name for __cxxabiv1::__class_type_info
 *fill*         0x080027db        0x1 
 .rodata._ZTIN10__cxxabiv117__class_type_infoE
                0x080027dc        0xc /opt/st/stm32cubeide_2.1.1/plugins/com.st.stm32cube.ide.mcu.externaltools.gnu-tools-for-stm32.14.3.rel1.linux64_1.0.100.202602081740/tools/bin/../lib/gcc/arm-none-eabi/14.3.1/../../../../arm-none-eabi/lib/thumb/v7e-m+fp/hard/libstdc++_nano.a(class_type_info.o)
                0x080027dc                typeinfo for __cxxabiv1::__class_type_info
 .rodata._ZTVN10__cxxabiv117__class_type_infoE
                0x080027e8       0x2c /opt/st/stm32cubeide_2.1.1/plugins/com.st.stm32cube.ide.mcu.externaltools.gnu-tools-for-stm32.14.3.rel1.linux64_1.0.100.202602081740/tools/bin/../lib/gcc/arm-none-eabi/14.3.1/../../../../arm-none-eabi/lib/thumb/v7e-m+fp/hard/libstdc++_nano.a(class_type_info.o)
                0x080027e8                vtable for __cxxabiv1::__class_type_info
 .rodata._ZNKSt17basic_string_viewIcSt11char_traitsIcEE7compareEjjPKcj.str1.1
                0x08002814       0x7f /opt/st/stm32cubeide_2.1.1/plugins/com.st.stm32cube.ide.mcu.externaltools.gnu-tools-for-stm32.14.3.rel1.linux64_1.0.100.202602081740/tools/bin/../lib/gcc/arm-none-eabi/14.3.1/../../../../arm-none-eabi/lib/thumb/v7e-m+fp/hard/libstdc++_nano.a(eh_alloc.o)
                                 0x4b (size before relaxing)
 .rodata._GLOBAL__sub_I__ZN9__gnu_cxx9__freeresEv.str1.1
                0x08002893       0x34 /opt/st/stm32cubeide_2.1.1/plugins/com.st.stm32cube.ide.mcu.externaltools.gnu-tools-for-stm32.14.3.rel1.linux64_1.0.100.202602081740/tools/bin/../lib/gcc/arm-none-eabi/14.3.1/../../../../arm-none-eabi/lib/thumb/v7e-m+fp/hard/libstdc++_nano.a(eh_alloc.o)
 .rodata._ZTSN10__cxxabiv120__si_class_type_infoE
                0x08002893       0x25 /opt/st/stm32cubeide_2.1.1/plugins/com.st.stm32cube.ide.mcu.externaltools.gnu-tools-for-stm32.14.3.rel1.linux64_1.0.100.202602081740/tools/bin/../lib/gcc/arm-none-eabi/14.3.1/../../../../arm-none-eabi/lib/thumb/v7e-m+fp/hard/libstdc++_nano.a(si_class_type_info.o)
                0x08002893                typeinfo name for __cxxabiv1::__si_class_type_info
 .rodata._ZTIN10__cxxabiv120__si_class_type_infoE
                0x080028b8        0xc /opt/st/stm32cubeide_2.1.1/plugins/com.st.stm32cube.ide.mcu.externaltools.gnu-tools-for-stm32.14.3.rel1.linux64_1.0.100.202602081740/tools/bin/../lib/gcc/arm-none-eabi/14.3.1/../../../../arm-none-eabi/lib/thumb/v7e-m+fp/hard/libstdc++_nano.a(si_class_type_info.o)
                0x080028b8                typeinfo for __cxxabiv1::__si_class_type_info
 .rodata._ZTVN10__cxxabiv120__si_class_type_infoE
                0x080028c4       0x2c /opt/st/stm32cubeide_2.1.1/plugins/com.st.stm32cube.ide.mcu.externaltools.gnu-tools-for-stm32.14.3.rel1.linux64_1.0.100.202602081740/tools/bin/../lib/gcc/arm-none-eabi/14.3.1/../../../../arm-none-eabi/lib/thumb/v7e-m+fp/hard/libstdc++_nano.a(si_class_type_info.o)
                0x080028c4                vtable for __cxxabiv1::__si_class_type_info
 .rodata._ZTSSt9type_info
                0x080028f0        0xd /opt/st/stm32cubeide_2.1.1/plugins/com.st.stm32cube.ide.mcu.externaltools.gnu-tools-for-stm32.14.3.rel1.linux64_1.0.100.202602081740/tools/bin/../lib/gcc/arm-none-eabi/14.3.1/../../../../arm-none-eabi/lib/thumb/v7e-m+fp/hard/libstdc++_nano.a(tinfo.o)
                0x080028f0                typeinfo name for std::type_info
 *fill*         0x080028fd        0x3 
 .rodata._ZTISt9type_info
                0x08002900        0x8 /opt/st/stm32cubeide_2.1.1/plugins/com.st.stm32cube.ide.mcu.externaltools.gnu-tools-for-stm32.14.3.rel1.linux64_1.0.100.202602081740/tools/bin/../lib/gcc/arm-none-eabi/14.3.1/../../../../arm-none-eabi/lib/thumb/v7e-m+fp/hard/libstdc++_nano.a(tinfo.o)
                0x08002900                typeinfo for std::type_info
 .rodata._ZTSN10__cxxabiv115__forced_unwindE
                0x08002908       0x20 /opt/st/stm32cubeide_2.1.1/plugins/com.st.stm32cube.ide.mcu.externaltools.gnu-tools-for-stm32.14.3.rel1.linux64_1.0.100.202602081740/tools/bin/../lib/gcc/arm-none-eabi/14.3.1/../../../../arm-none-eabi/lib/thumb/v7e-m+fp/hard/libstdc++_nano.a(eh_exception.o)
                0x08002908                typeinfo name for __cxxabiv1::__forced_unwind
 .rodata._ZTIN10__cxxabiv115__forced_unwindE
                0x08002928        0x8 /opt/st/stm32cubeide_2.1.1/plugins/com.st.stm32cube.ide.mcu.externaltools.gnu-tools-for-stm32.14.3.rel1.linux64_1.0.100.202602081740/tools/bin/../lib/gcc/arm-none-eabi/14.3.1/../../../../arm-none-eabi/lib/thumb/v7e-m+fp/hard/libstdc++_nano.a(eh_exception.o)
                0x08002928                typeinfo for __cxxabiv1::__forced_unwind
 .rodata._ZTSN10__cxxabiv119__foreign_exceptionE
                0x08002930       0x24 /opt/st/stm32cubeide_2.1.1/plugins/com.st.stm32cube.ide.mcu.externaltools.gnu-tools-for-stm32.14.3.rel1.linux64_1.0.100.202602081740/tools/bin/../lib/gcc/arm-none-eabi/14.3.1/../../../../arm-none-eabi/lib/thumb/v7e-m+fp/hard/libstdc++_nano.a(eh_exception.o)
                0x08002930                typeinfo name for __cxxabiv1::__foreign_exception
 .rodata._ZTIN10__cxxabiv119__foreign_exceptionE
                0x08002954        0x8 /opt/st/stm32cubeide_2.1.1/plugins/com.st.stm32cube.ide.mcu.externaltools.gnu-tools-for-stm32.14.3.rel1.linux64_1.0.100.202602081740/tools/bin/../lib/gcc/arm-none-eabi/14.3.1/../../../../arm-none-eabi/lib/thumb/v7e-m+fp/hard/libstdc++_nano.a(eh_exception.o)
                0x08002954                typeinfo for __cxxabiv1::__foreign_exception
 .rodata._ctype_
                0x0800295c      0x101 /opt/st/stm32cubeide_2.1.1/plugins/com.st.stm32cube.ide.mcu.externaltools.gnu-tools-for-stm32.14.3.rel1.linux64_1.0.100.202602081740/tools/bin/../lib/gcc/arm-none-eabi/14.3.1/../../../../arm-none-eabi/lib/thumb/v7e-m+fp/hard/libc_nano.a(libc_a-ctype_.o)
                0x0800295c                _ctype_
                0x08002a60                        . = ALIGN (0x4)
 *fill*         0x08002a5d        0x3 

.ARM.extab      0x08002a60       0x50
                0x08002a60                        . = ALIGN (0x4)
 *(.ARM.extab* .gnu.linkonce.armextab.*)
 .ARM.extab.text._ZN3LEDC2Ev
                0x08002a60        0x0 ./Src/main.o
 .ARM.extab.text._ZN3LED17Led_orange_toggleEv
                0x08002a60        0x0 ./Src/main.o
 .ARM.extab.text._ZN3LED14Led_red_toggleEv
                0x08002a60        0x0 ./Src/main.o
 .ARM.extab.text._ZN3LED15Led_blue_toggleEv
                0x08002a60        0x0 ./Src/main.o
 .ARM.extab.text._ZN3LED11Led_all_offEv
                0x08002a60        0x0 ./Src/main.o
 .ARM.extab.text._ZN3LED12Switch_stateEv
                0x08002a60        0x0 ./Src/main.o
 .ARM.extab.text.main
                0x08002a60       0x2c ./Src/main.o
 .ARM.extab     0x08002a8c        0xc /opt/st/stm32cubeide_2.1.1/plugins/com.st.stm32cube.ide.mcu.externaltools.gnu-tools-for-stm32.14.3.rel1.linux64_1.0.100.202602081740/tools/bin/../lib/gcc/arm-none-eabi/14.3.1/thumb/v7e-m+fp/hard/libgcc.a(unwind-arm.o)
 .ARM.extab     0x08002a98       0x18 /opt/st/stm32cubeide_2.1.1/plugins/com.st.stm32cube.ide.mcu.externaltools.gnu-tools-for-stm32.14.3.rel1.linux64_1.0.100.202602081740/tools/bin/../lib/gcc/arm-none-eabi/14.3.1/thumb/v7e-m+fp/hard/libgcc.a(pr-support.o)
                0x08002ab0                        . = ALIGN (0x4)

.ARM            0x08002ab0       0xd0
                0x08002ab0                        . = ALIGN (0x4)
                0x08002ab0                        __exidx_start = .
 *(.ARM.exidx*)
 .ARM.exidx     0x08002ab0        0x8 /opt/st/stm32cubeide_2.1.1/plugins/com.st.stm32cube.ide.mcu.externaltools.gnu-tools-for-stm32.14.3.rel1.linux64_1.0.100.202602081740/tools/bin/../lib/gcc/arm-none-eabi/14.3.1/../../../../arm-none-eabi/lib/thumb/v7e-m+fp/hard/libc_nano.a(libc_a-strcmp.o)
 .ARM.exidx     0x08002ab8       0x80 /opt/st/stm32cubeide_2.1.1/plugins/com.st.stm32cube.ide.mcu.externaltools.gnu-tools-for-stm32.14.3.rel1.linux64_1.0.100.202602081740/tools/bin/../lib/gcc/arm-none-eabi/14.3.1/thumb/v7e-m+fp/hard/libgcc.a(unwind-arm.o)
                                 0xd0 (size before relaxing)
 .ARM.exidx     0x08002b38       0x30 /opt/st/stm32cubeide_2.1.1/plugins/com.st.stm32cube.ide.mcu.externaltools.gnu-tools-for-stm32.14.3.rel1.linux64_1.0.100.202602081740/tools/bin/../lib/gcc/arm-none-eabi/14.3.1/thumb/v7e-m+fp/hard/libgcc.a(pr-support.o)
                                 0x38 (size before relaxing)
 .ARM.exidx.text._Z5delayv
                0x08002b68        0x8 ./Src/main.o
 .ARM.exidx.text._ZN3LEDC2Ev
                0x08002b70        0x0 ./Src/main.o
                                  0x8 (size before relaxing)
 .ARM.exidx.text._ZN3LED17Led_orange_toggleEv
                0x08002b70        0x0 ./Src/main.o
                                  0x8 (size before relaxing)
 .ARM.exidx.text._ZN3LED14Led_red_toggleEv
                0x08002b70        0x0 ./Src/main.o
                                  0x8 (size before relaxing)
 .ARM.exidx.text._ZN3LED15Led_blue_toggleEv
                0x08002b70        0x0 ./Src/main.o
                                  0x8 (size before relaxing)
 .ARM.exidx.text._ZN3LED11Led_all_offEv
                0x08002b70        0x0 ./Src/main.o
                                  0x8 (size before relaxing)
 .ARM.exidx.text._ZN3LED12Switch_stateEv
                0x08002b70        0x0 ./Src/main.o
                                  0x8 (size before relaxing)
 .ARM.exidx.text.main
                0x08002b70        0x8 ./Src/main.o
 .ARM.exidx.text._Z41__static_initialization_and_destruction_0v
                0x08002b78        0x8 ./Src/main.o
 .ARM.exidx.text._GLOBAL__sub_I__Z5delayv
                0x08002b80        0x0 ./Src/main.o
                                  0x8 (size before relaxing)
 .ARM.exidx.text.unlikely
                0x08002b80        0x0 /opt/st/stm32cubeide_2.1.1/plugins/com.st.stm32cube.ide.mcu.externaltools.gnu-tools-for-stm32.14.3.rel1.linux64_1.0.100.202602081740/tools/bin/../lib/gcc/arm-none-eabi/14.3.1/thumb/v7e-m+fp/hard/libgcc.a(pr-support.o)
                                 0x10 (size before relaxing)
                0x08002b80                        __exidx_end = .
                0x08002b80                        . = ALIGN (0x4)

.preinit_array  0x08002b80        0x0
                0x08002b80                        . = ALIGN (0x4)
                0x08002b80                        PROVIDE (__preinit_array_start = .)
 *(.preinit_array*)
                0x08002b80                        PROVIDE (__preinit_array_end = .)
                0x08002b80                        . = ALIGN (0x4)

.init_array     0x08002b80        0xc
                0x08002b80                        . = ALIGN (0x4)
                0x08002b80                        PROVIDE (__init_array_start = .)
 *(SORT_BY_NAME(.init_array.*))
 *(.init_array*)
 .init_array    0x08002b80        0x4 /opt/st/stm32cubeide_2.1.1/plugins/com.st.stm32cube.ide.mcu.externaltools.gnu-tools-for-stm32.14.3.rel1.linux64_1.0.100.202602081740/tools/bin/../lib/gcc/arm-none-eabi/14.3.1/thumb/v7e-m+fp/hard/crtbegin.o
 .init_array    0x08002b84        0x4 ./Src/main.o
 .init_array    0x08002b88        0x4 /opt/st/stm32cubeide_2.1.1/plugins/com.st.stm32cube.ide.mcu.externaltools.gnu-tools-for-stm32.14.3.rel1.linux64_1.0.100.202602081740/tools/bin/../lib/gcc/arm-none-eabi/14.3.1/../../../../arm-none-eabi/lib/thumb/v7e-m+fp/hard/libstdc++_nano.a(eh_alloc.o)
                0x08002b8c                        PROVIDE (__init_array_end = .)
                0x08002b8c                        . = ALIGN (0x4)

.fini_array     0x08002b8c        0x4
                0x08002b8c                        . = ALIGN (0x4)
                [!provide]                        PROVIDE (__fini_array_start = .)
 *(SORT_BY_NAME(.fini_array.*))
 *(.fini_array*)
 .fini_array    0x08002b8c        0x4 /opt/st/stm32cubeide_2.1.1/plugins/com.st.stm32cube.ide.mcu.externaltools.gnu-tools-for-stm32.14.3.rel1.linux64_1.0.100.202602081740/tools/bin/../lib/gcc/arm-none-eabi/14.3.1/thumb/v7e-m+fp/hard/crtbegin.o
                [!provide]                        PROVIDE (__fini_array_end = .)
                0x08002b90                        . = ALIGN (0x4)
                0x08002b90                        _sidata = LOADADDR (.data)

.rel.dyn        0x08002b90        0x0
 .rel.iplt      0x08002b90        0x0 /opt/st/stm32cubeide_2.1.1/plugins/com.st.stm32cube.ide.mcu.externaltools.gnu-tools-for-stm32.14.3.rel1.linux64_1.0.100.202602081740/tools/bin/../lib/gcc/arm-none-eabi/14.3.1/thumb/v7e-m+fp/hard/crtbegin.o

.data           0x20000000       0x5c load address 0x08002b90
                0x20000000                        . = ALIGN (0x4)
                0x20000000                        _sdata = .
 *(.data)
 *(.data*)
 .data.environ  0x20000000        0x4 ./Src/syscalls.o
                0x20000000                environ
 .data._ZN10__cxxabiv120__unexpected_handlerE
                0x20000004        0x4 /opt/st/stm32cubeide_2.1.1/plugins/com.st.stm32cube.ide.mcu.externaltools.gnu-tools-for-stm32.14.3.rel1.linux64_1.0.100.202602081740/tools/bin/../lib/gcc/arm-none-eabi/14.3.1/../../../../arm-none-eabi/lib/thumb/v7e-m+fp/hard/libstdc++_nano.a(eh_unex_handler.o)
                0x20000004                __cxxabiv1::__unexpected_handler
 .data._ZN10__cxxabiv119__terminate_handlerE
                0x20000008        0x4 /opt/st/stm32cubeide_2.1.1/plugins/com.st.stm32cube.ide.mcu.externaltools.gnu-tools-for-stm32.14.3.rel1.linux64_1.0.100.202602081740/tools/bin/../lib/gcc/arm-none-eabi/14.3.1/../../../../arm-none-eabi/lib/thumb/v7e-m+fp/hard/libstdc++_nano.a(eh_term_handler.o)
                0x20000008                __cxxabiv1::__terminate_handler
 .data._impure_ptr
                0x2000000c        0x4 /opt/st/stm32cubeide_2.1.1/plugins/com.st.stm32cube.ide.mcu.externaltools.gnu-tools-for-stm32.14.3.rel1.linux64_1.0.100.202602081740/tools/bin/../lib/gcc/arm-none-eabi/14.3.1/../../../../arm-none-eabi/lib/thumb/v7e-m+fp/hard/libc_nano.a(libc_a-impure.o)
                0x2000000c                _impure_ptr
 .data._impure_data
                0x20000010       0x4c /opt/st/stm32cubeide_2.1.1/plugins/com.st.stm32cube.ide.mcu.externaltools.gnu-tools-for-stm32.14.3.rel1.linux64_1.0.100.202602081740/tools/bin/../lib/gcc/arm-none-eabi/14.3.1/../../../../arm-none-eabi/lib/thumb/v7e-m+fp/hard/libc_nano.a(libc_a-impure.o)
                0x20000010                _impure_data
 *(.RamFunc)
 *(.RamFunc*)
                0x2000005c                        . = ALIGN (0x4)
                0x2000005c                        _edata = .
                0x08002bec                        _siccmram = LOADADDR (.ccmram)

.igot.plt       0x2000005c        0x0 load address 0x08002bec
 .igot.plt      0x2000005c        0x0 /opt/st/stm32cubeide_2.1.1/plugins/com.st.stm32cube.ide.mcu.externaltools.gnu-tools-for-stm32.14.3.rel1.linux64_1.0.100.202602081740/tools/bin/../lib/gcc/arm-none-eabi/14.3.1/thumb/v7e-m+fp/hard/crtbegin.o

.ccmram         0x10000000        0x0 load address 0x08002bec
                0x10000000                        . = ALIGN (0x4)
                0x10000000                        _sccmram = .
 *(.ccmram)
 *(.ccmram*)
                0x10000000                        . = ALIGN (0x4)
                0x10000000                        _eccmram = .
                0x10000000                        . = ALIGN (0x4)

.bss            0x2000005c      0x190
                0x2000005c                        _sbss = .
                0x2000005c                        __bss_start__ = _sbss
 *(.bss)
 .bss           0x2000005c       0x1c /opt/st/stm32cubeide_2.1.1/plugins/com.st.stm32cube.ide.mcu.externaltools.gnu-tools-for-stm32.14.3.rel1.linux64_1.0.100.202602081740/tools/bin/../lib/gcc/arm-none-eabi/14.3.1/thumb/v7e-m+fp/hard/crtbegin.o
 *(.bss*)
 .bss.obj       0x20000078        0x1 ./Src/main.o
                0x20000078                obj
 .bss._ZL6status
                0x20000079        0x1 ./Src/main.o
 *fill*         0x2000007a        0x2 
 .bss.__env     0x2000007c        0x4 ./Src/syscalls.o
                0x2000007c                __env
 .bss.__sbrk_heap_end
                0x20000080        0x4 ./Src/sysmem.o
 .bss._ZN12_GLOBAL__N_114emergency_poolE
                0x20000084       0x10 /opt/st/stm32cubeide_2.1.1/plugins/com.st.stm32cube.ide.mcu.externaltools.gnu-tools-for-stm32.14.3.rel1.linux64_1.0.100.202602081740/tools/bin/../lib/gcc/arm-none-eabi/14.3.1/../../../../arm-none-eabi/lib/thumb/v7e-m+fp/hard/libstdc++_nano.a(eh_alloc.o)
 .bss._ZN12_GLOBAL__N_110eh_globalsE
                0x20000094        0xc /opt/st/stm32cubeide_2.1.1/plugins/com.st.stm32cube.ide.mcu.externaltools.gnu-tools-for-stm32.14.3.rel1.linux64_1.0.100.202602081740/tools/bin/../lib/gcc/arm-none-eabi/14.3.1/../../../../arm-none-eabi/lib/thumb/v7e-m+fp/hard/libstdc++_nano.a(eh_globals.o)
 .bss._ZN12_GLOBAL__N_113__new_handlerE
                0x200000a0        0x4 /opt/st/stm32cubeide_2.1.1/plugins/com.st.stm32cube.ide.mcu.externaltools.gnu-tools-for-stm32.14.3.rel1.linux64_1.0.100.202602081740/tools/bin/../lib/gcc/arm-none-eabi/14.3.1/../../../../arm-none-eabi/lib/thumb/v7e-m+fp/hard/libstdc++_nano.a(new_handler.o)
 .bss.__malloc_sbrk_start
                0x200000a4        0x4 /opt/st/stm32cubeide_2.1.1/plugins/com.st.stm32cube.ide.mcu.externaltools.gnu-tools-for-stm32.14.3.rel1.linux64_1.0.100.202602081740/tools/bin/../lib/gcc/arm-none-eabi/14.3.1/../../../../arm-none-eabi/lib/thumb/v7e-m+fp/hard/libc_nano.a(libc_a-mallocr.o)
                0x200000a4                __malloc_sbrk_start
 .bss.__malloc_free_list
                0x200000a8        0x4 /opt/st/stm32cubeide_2.1.1/plugins/com.st.stm32cube.ide.mcu.externaltools.gnu-tools-for-stm32.14.3.rel1.linux64_1.0.100.202602081740/tools/bin/../lib/gcc/arm-none-eabi/14.3.1/../../../../arm-none-eabi/lib/thumb/v7e-m+fp/hard/libc_nano.a(libc_a-mallocr.o)
                0x200000a8                __malloc_free_list
 .bss.__sf      0x200000ac      0x138 /opt/st/stm32cubeide_2.1.1/plugins/com.st.stm32cube.ide.mcu.externaltools.gnu-tools-for-stm32.14.3.rel1.linux64_1.0.100.202602081740/tools/bin/../lib/gcc/arm-none-eabi/14.3.1/../../../../arm-none-eabi/lib/thumb/v7e-m+fp/hard/libc_nano.a(libc_a-findfp.o)
                0x200000ac                __sf
 .bss.errno     0x200001e4        0x4 /opt/st/stm32cubeide_2.1.1/plugins/com.st.stm32cube.ide.mcu.externaltools.gnu-tools-for-stm32.14.3.rel1.linux64_1.0.100.202602081740/tools/bin/../lib/gcc/arm-none-eabi/14.3.1/../../../../arm-none-eabi/lib/thumb/v7e-m+fp/hard/libc_nano.a(libc_a-reent.o)
                0x200001e4                errno
 .bss.__lock___env_recursive_mutex
                0x200001e8        0x1 /opt/st/stm32cubeide_2.1.1/plugins/com.st.stm32cube.ide.mcu.externaltools.gnu-tools-for-stm32.14.3.rel1.linux64_1.0.100.202602081740/tools/bin/../lib/gcc/arm-none-eabi/14.3.1/../../../../arm-none-eabi/lib/thumb/v7e-m+fp/hard/libc_nano.a(libc_a-lock.o)
                0x200001e8                __lock___env_recursive_mutex
 .bss.__lock___malloc_recursive_mutex
                0x200001e9        0x1 /opt/st/stm32cubeide_2.1.1/plugins/com.st.stm32cube.ide.mcu.externaltools.gnu-tools-for-stm32.14.3.rel1.linux64_1.0.100.202602081740/tools/bin/../lib/gcc/arm-none-eabi/14.3.1/../../../../arm-none-eabi/lib/thumb/v7e-m+fp/hard/libc_nano.a(libc_a-lock.o)
                0x200001e9                __lock___malloc_recursive_mutex
 *(COMMON)
                0x200001ec                        . = ALIGN (0x4)
 *fill*         0x200001ea        0x2 
                0x200001ec                        _ebss = .
                0x200001ec                        __bss_end__ = _ebss

._user_heap_stack
                0x200001ec      0x604
                0x200001f0                        . = ALIGN (0x8)
 *fill*         0x200001ec        0x4 
                [!provide]                        PROVIDE (end = .)
                0x200001f0                        PROVIDE (_end = .)
                0x200003f0                        . = (. + _Min_Heap_Size)
 *fill*         0x200001f0      0x200 
                0x200007f0                        . = (. + _Min_Stack_Size)
 *fill*         0x200003f0      0x400 
                0x200007f0                        . = ALIGN (0x8)

/DISCARD/
 libc.a(*)
 libm.a(*)
 libgcc.a(*)

.ARM.attributes
                0x00000000       0x30
 *(.ARM.attributes)
 .ARM.attributes
                0x00000000       0x22 /opt/st/stm32cubeide_2.1.1/plugins/com.st.stm32cube.ide.mcu.externaltools.gnu-tools-for-stm32.14.3.rel1.linux64_1.0.100.202602081740/tools/bin/../lib/gcc/arm-none-eabi/14.3.1/thumb/v7e-m+fp/hard/crti.o
 .ARM.attributes
                0x00000022       0x34 /opt/st/stm32cubeide_2.1.1/plugins/com.st.stm32cube.ide.mcu.externaltools.gnu-tools-for-stm32.14.3.rel1.linux64_1.0.100.202602081740/tools/bin/../lib/gcc/arm-none-eabi/14.3.1/thumb/v7e-m+fp/hard/crtbegin.o
 .ARM.attributes
                0x00000056       0x34 ./Src/main.o
 .ARM.attributes
                0x0000008a       0x34 ./Src/syscalls.o
 .ARM.attributes
                0x000000be       0x34 ./Src/sysmem.o
 .ARM.attributes
                0x000000f2       0x21 ./Startup/startup_stm32f407vgtx.o
 .ARM.attributes
                0x00000113       0x34 /opt/st/stm32cubeide_2.1.1/plugins/com.st.stm32cube.ide.mcu.externaltools.gnu-tools-for-stm32.14.3.rel1.linux64_1.0.100.202602081740/tools/bin/../lib/gcc/arm-none-eabi/14.3.1/../../../../arm-none-eabi/lib/thumb/v7e-m+fp/hard/libstdc++_nano.a(class_type_info.o)
 .ARM.attributes
                0x00000147       0x34 /opt/st/stm32cubeide_2.1.1/plugins/com.st.stm32cube.ide.mcu.externaltools.gnu-tools-for-stm32.14.3.rel1.linux64_1.0.100.202602081740/tools/bin/../lib/gcc/arm-none-eabi/14.3.1/../../../../arm-none-eabi/lib/thumb/v7e-m+fp/hard/libstdc++_nano.a(del_ops.o)
 .ARM.attributes
                0x0000017b       0x34 /opt/st/stm32cubeide_2.1.1/plugins/com.st.stm32cube.ide.mcu.externaltools.gnu-tools-for-stm32.14.3.rel1.linux64_1.0.100.202602081740/tools/bin/../lib/gcc/arm-none-eabi/14.3.1/../../../../arm-none-eabi/lib/thumb/v7e-m+fp/hard/libstdc++_nano.a(eh_alloc.o)
 .ARM.attributes
                0x000001af       0x34 /opt/st/stm32cubeide_2.1.1/plugins/com.st.stm32cube.ide.mcu.externaltools.gnu-tools-for-stm32.14.3.rel1.linux64_1.0.100.202602081740/tools/bin/../lib/gcc/arm-none-eabi/14.3.1/../../../../arm-none-eabi/lib/thumb/v7e-m+fp/hard/libstdc++_nano.a(eh_catch.o)
 .ARM.attributes
                0x000001e3       0x34 /opt/st/stm32cubeide_2.1.1/plugins/com.st.stm32cube.ide.mcu.externaltools.gnu-tools-for-stm32.14.3.rel1.linux64_1.0.100.202602081740/tools/bin/../lib/gcc/arm-none-eabi/14.3.1/../../../../arm-none-eabi/lib/thumb/v7e-m+fp/hard/libstdc++_nano.a(eh_globals.o)
 .ARM.attributes
                0x00000217       0x34 /opt/st/stm32cubeide_2.1.1/plugins/com.st.stm32cube.ide.mcu.externaltools.gnu-tools-for-stm32.14.3.rel1.linux64_1.0.100.202602081740/tools/bin/../lib/gcc/arm-none-eabi/14.3.1/../../../../arm-none-eabi/lib/thumb/v7e-m+fp/hard/libstdc++_nano.a(eh_personality.o)
 .ARM.attributes
                0x0000024b       0x34 /opt/st/stm32cubeide_2.1.1/plugins/com.st.stm32cube.ide.mcu.externaltools.gnu-tools-for-stm32.14.3.rel1.linux64_1.0.100.202602081740/tools/bin/../lib/gcc/arm-none-eabi/14.3.1/../../../../arm-none-eabi/lib/thumb/v7e-m+fp/hard/libstdc++_nano.a(eh_terminate.o)
 .ARM.attributes
                0x0000027f       0x34 /opt/st/stm32cubeide_2.1.1/plugins/com.st.stm32cube.ide.mcu.externaltools.gnu-tools-for-stm32.14.3.rel1.linux64_1.0.100.202602081740/tools/bin/../lib/gcc/arm-none-eabi/14.3.1/../../../../arm-none-eabi/lib/thumb/v7e-m+fp/hard/libstdc++_nano.a(eh_throw.o)
 .ARM.attributes
                0x000002b3       0x34 /opt/st/stm32cubeide_2.1.1/plugins/com.st.stm32cube.ide.mcu.externaltools.gnu-tools-for-stm32.14.3.rel1.linux64_1.0.100.202602081740/tools/bin/../lib/gcc/arm-none-eabi/14.3.1/../../../../arm-none-eabi/lib/thumb/v7e-m+fp/hard/libstdc++_nano.a(eh_unex_handler.o)
 .ARM.attributes
                0x000002e7       0x34 /opt/st/stm32cubeide_2.1.1/plugins/com.st.stm32cube.ide.mcu.externaltools.gnu-tools-for-stm32.14.3.rel1.linux64_1.0.100.202602081740/tools/bin/../lib/gcc/arm-none-eabi/14.3.1/../../../../arm-none-eabi/lib/thumb/v7e-m+fp/hard/libstdc++_nano.a(new_op.o)
 .ARM.attributes
                0x0000031b       0x34 /opt/st/stm32cubeide_2.1.1/plugins/com.st.stm32cube.ide.mcu.externaltools.gnu-tools-for-stm32.14.3.rel1.linux64_1.0.100.202602081740/tools/bin/../lib/gcc/arm-none-eabi/14.3.1/../../../../arm-none-eabi/lib/thumb/v7e-m+fp/hard/libstdc++_nano.a(si_class_type_info.o)
 .ARM.attributes
                0x0000034f       0x34 /opt/st/stm32cubeide_2.1.1/plugins/com.st.stm32cube.ide.mcu.externaltools.gnu-tools-for-stm32.14.3.rel1.linux64_1.0.100.202602081740/tools/bin/../lib/gcc/arm-none-eabi/14.3.1/../../../../arm-none-eabi/lib/thumb/v7e-m+fp/hard/libstdc++_nano.a(tinfo.o)
 .ARM.attributes
                0x00000383       0x34 /opt/st/stm32cubeide_2.1.1/plugins/com.st.stm32cube.ide.mcu.externaltools.gnu-tools-for-stm32.14.3.rel1.linux64_1.0.100.202602081740/tools/bin/../lib/gcc/arm-none-eabi/14.3.1/../../../../arm-none-eabi/lib/thumb/v7e-m+fp/hard/libstdc++_nano.a(functexcept.o)
 .ARM.attributes
                0x000003b7       0x34 /opt/st/stm32cubeide_2.1.1/plugins/com.st.stm32cube.ide.mcu.externaltools.gnu-tools-for-stm32.14.3.rel1.linux64_1.0.100.202602081740/tools/bin/../lib/gcc/arm-none-eabi/14.3.1/../../../../arm-none-eabi/lib/thumb/v7e-m+fp/hard/libstdc++_nano.a(del_op.o)
 .ARM.attributes
                0x000003eb       0x34 /opt/st/stm32cubeide_2.1.1/plugins/com.st.stm32cube.ide.mcu.externaltools.gnu-tools-for-stm32.14.3.rel1.linux64_1.0.100.202602081740/tools/bin/../lib/gcc/arm-none-eabi/14.3.1/../../../../arm-none-eabi/lib/thumb/v7e-m+fp/hard/libstdc++_nano.a(eh_arm.o)
 .ARM.attributes
                0x0000041f       0x34 /opt/st/stm32cubeide_2.1.1/plugins/com.st.stm32cube.ide.mcu.externaltools.gnu-tools-for-stm32.14.3.rel1.linux64_1.0.100.202602081740/tools/bin/../lib/gcc/arm-none-eabi/14.3.1/../../../../arm-none-eabi/lib/thumb/v7e-m+fp/hard/libstdc++_nano.a(eh_call.o)
 .ARM.attributes
                0x00000453       0x34 /opt/st/stm32cubeide_2.1.1/plugins/com.st.stm32cube.ide.mcu.externaltools.gnu-tools-for-stm32.14.3.rel1.linux64_1.0.100.202602081740/tools/bin/../lib/gcc/arm-none-eabi/14.3.1/../../../../arm-none-eabi/lib/thumb/v7e-m+fp/hard/libstdc++_nano.a(eh_exception.o)
 .ARM.attributes
                0x00000487       0x34 /opt/st/stm32cubeide_2.1.1/plugins/com.st.stm32cube.ide.mcu.externaltools.gnu-tools-for-stm32.14.3.rel1.linux64_1.0.100.202602081740/tools/bin/../lib/gcc/arm-none-eabi/14.3.1/../../../../arm-none-eabi/lib/thumb/v7e-m+fp/hard/libstdc++_nano.a(eh_term_handler.o)
 .ARM.attributes
                0x000004bb       0x34 /opt/st/stm32cubeide_2.1.1/plugins/com.st.stm32cube.ide.mcu.externaltools.gnu-tools-for-stm32.14.3.rel1.linux64_1.0.100.202602081740/tools/bin/../lib/gcc/arm-none-eabi/14.3.1/../../../../arm-none-eabi/lib/thumb/v7e-m+fp/hard/libstdc++_nano.a(new_handler.o)
 .ARM.attributes
                0x000004ef       0x34 /opt/st/stm32cubeide_2.1.1/plugins/com.st.stm32cube.ide.mcu.externaltools.gnu-tools-for-stm32.14.3.rel1.linux64_1.0.100.202602081740/tools/bin/../lib/gcc/arm-none-eabi/14.3.1/../../../../arm-none-eabi/lib/thumb/v7e-m+fp/hard/libc_nano.a(libc_a-abort.o)
 .ARM.attributes
                0x00000523       0x34 /opt/st/stm32cubeide_2.1.1/plugins/com.st.stm32cube.ide.mcu.externaltools.gnu-tools-for-stm32.14.3.rel1.linux64_1.0.100.202602081740/tools/bin/../lib/gcc/arm-none-eabi/14.3.1/../../../../arm-none-eabi/lib/thumb/v7e-m+fp/hard/libc_nano.a(libc_a-getenv.o)
 .ARM.attributes
                0x00000557       0x34 /opt/st/stm32cubeide_2.1.1/plugins/com.st.stm32cube.ide.mcu.externaltools.gnu-tools-for-stm32.14.3.rel1.linux64_1.0.100.202602081740/tools/bin/../lib/gcc/arm-none-eabi/14.3.1/../../../../arm-none-eabi/lib/thumb/v7e-m+fp/hard/libc_nano.a(libc_a-getenv_r.o)
 .ARM.attributes
                0x0000058b       0x34 /opt/st/stm32cubeide_2.1.1/plugins/com.st.stm32cube.ide.mcu.externaltools.gnu-tools-for-stm32.14.3.rel1.linux64_1.0.100.202602081740/tools/bin/../lib/gcc/arm-none-eabi/14.3.1/../../../../arm-none-eabi/lib/thumb/v7e-m+fp/hard/libc_nano.a(libc_a-malloc.o)
 .ARM.attributes
                0x000005bf       0x34 /opt/st/stm32cubeide_2.1.1/plugins/com.st.stm32cube.ide.mcu.externaltools.gnu-tools-for-stm32.14.3.rel1.linux64_1.0.100.202602081740/tools/bin/../lib/gcc/arm-none-eabi/14.3.1/../../../../arm-none-eabi/lib/thumb/v7e-m+fp/hard/libc_nano.a(libc_a-mallocr.o)
 .ARM.attributes
                0x000005f3       0x34 /opt/st/stm32cubeide_2.1.1/plugins/com.st.stm32cube.ide.mcu.externaltools.gnu-tools-for-stm32.14.3.rel1.linux64_1.0.100.202602081740/tools/bin/../lib/gcc/arm-none-eabi/14.3.1/../../../../arm-none-eabi/lib/thumb/v7e-m+fp/hard/libc_nano.a(libc_a-mlock.o)
 .ARM.attributes
                0x00000627       0x34 /opt/st/stm32cubeide_2.1.1/plugins/com.st.stm32cube.ide.mcu.externaltools.gnu-tools-for-stm32.14.3.rel1.linux64_1.0.100.202602081740/tools/bin/../lib/gcc/arm-none-eabi/14.3.1/../../../../arm-none-eabi/lib/thumb/v7e-m+fp/hard/libc_nano.a(libc_a-strtoul.o)
 .ARM.attributes
                0x0000065b       0x34 /opt/st/stm32cubeide_2.1.1/plugins/com.st.stm32cube.ide.mcu.externaltools.gnu-tools-for-stm32.14.3.rel1.linux64_1.0.100.202602081740/tools/bin/../lib/gcc/arm-none-eabi/14.3.1/../../../../arm-none-eabi/lib/thumb/v7e-m+fp/hard/libc_nano.a(libc_a-ctype_.o)
 .ARM.attributes
                0x0000068f       0x34 /opt/st/stm32cubeide_2.1.1/plugins/com.st.stm32cube.ide.mcu.externaltools.gnu-tools-for-stm32.14.3.rel1.linux64_1.0.100.202602081740/tools/bin/../lib/gcc/arm-none-eabi/14.3.1/../../../../arm-none-eabi/lib/thumb/v7e-m+fp/hard/libc_nano.a(libc_a-findfp.o)
 .ARM.attributes
                0x000006c3       0x34 /opt/st/stm32cubeide_2.1.1/plugins/com.st.stm32cube.ide.mcu.externaltools.gnu-tools-for-stm32.14.3.rel1.linux64_1.0.100.202602081740/tools/bin/../lib/gcc/arm-none-eabi/14.3.1/../../../../arm-none-eabi/lib/thumb/v7e-m+fp/hard/libc_nano.a(libc_a-memcmp.o)
 .ARM.attributes
                0x000006f7       0x34 /opt/st/stm32cubeide_2.1.1/plugins/com.st.stm32cube.ide.mcu.externaltools.gnu-tools-for-stm32.14.3.rel1.linux64_1.0.100.202602081740/tools/bin/../lib/gcc/arm-none-eabi/14.3.1/../../../../arm-none-eabi/lib/thumb/v7e-m+fp/hard/libc_nano.a(libc_a-memset.o)
 .ARM.attributes
                0x0000072b       0x34 /opt/st/stm32cubeide_2.1.1/plugins/com.st.stm32cube.ide.mcu.externaltools.gnu-tools-for-stm32.14.3.rel1.linux64_1.0.100.202602081740/tools/bin/../lib/gcc/arm-none-eabi/14.3.1/../../../../arm-none-eabi/lib/thumb/v7e-m+fp/hard/libc_nano.a(libc_a-strchr.o)
 .ARM.attributes
                0x0000075f       0x34 /opt/st/stm32cubeide_2.1.1/plugins/com.st.stm32cube.ide.mcu.externaltools.gnu-tools-for-stm32.14.3.rel1.linux64_1.0.100.202602081740/tools/bin/../lib/gcc/arm-none-eabi/14.3.1/../../../../arm-none-eabi/lib/thumb/v7e-m+fp/hard/libc_nano.a(libc_a-strncmp.o)
 .ARM.attributes
                0x00000793       0x34 /opt/st/stm32cubeide_2.1.1/plugins/com.st.stm32cube.ide.mcu.externaltools.gnu-tools-for-stm32.14.3.rel1.linux64_1.0.100.202602081740/tools/bin/../lib/gcc/arm-none-eabi/14.3.1/../../../../arm-none-eabi/lib/thumb/v7e-m+fp/hard/libc_nano.a(libc_a-signal.o)
 .ARM.attributes
                0x000007c7       0x34 /opt/st/stm32cubeide_2.1.1/plugins/com.st.stm32cube.ide.mcu.externaltools.gnu-tools-for-stm32.14.3.rel1.linux64_1.0.100.202602081740/tools/bin/../lib/gcc/arm-none-eabi/14.3.1/../../../../arm-none-eabi/lib/thumb/v7e-m+fp/hard/libc_nano.a(libc_a-reent.o)
 .ARM.attributes
                0x000007fb       0x34 /opt/st/stm32cubeide_2.1.1/plugins/com.st.stm32cube.ide.mcu.externaltools.gnu-tools-for-stm32.14.3.rel1.linux64_1.0.100.202602081740/tools/bin/../lib/gcc/arm-none-eabi/14.3.1/../../../../arm-none-eabi/lib/thumb/v7e-m+fp/hard/libc_nano.a(libc_a-impure.o)
 .ARM.attributes
                0x0000082f       0x34 /opt/st/stm32cubeide_2.1.1/plugins/com.st.stm32cube.ide.mcu.externaltools.gnu-tools-for-stm32.14.3.rel1.linux64_1.0.100.202602081740/tools/bin/../lib/gcc/arm-none-eabi/14.3.1/../../../../arm-none-eabi/lib/thumb/v7e-m+fp/hard/libc_nano.a(libc_a-signalr.o)
 .ARM.attributes
                0x00000863       0x34 /opt/st/stm32cubeide_2.1.1/plugins/com.st.stm32cube.ide.mcu.externaltools.gnu-tools-for-stm32.14.3.rel1.linux64_1.0.100.202602081740/tools/bin/../lib/gcc/arm-none-eabi/14.3.1/../../../../arm-none-eabi/lib/thumb/v7e-m+fp/hard/libc_nano.a(libc_a-sbrkr.o)
 .ARM.attributes
                0x00000897       0x34 /opt/st/stm32cubeide_2.1.1/plugins/com.st.stm32cube.ide.mcu.externaltools.gnu-tools-for-stm32.14.3.rel1.linux64_1.0.100.202602081740/tools/bin/../lib/gcc/arm-none-eabi/14.3.1/../../../../arm-none-eabi/lib/thumb/v7e-m+fp/hard/libc_nano.a(libc_a-errno.o)
 .ARM.attributes
                0x000008cb       0x34 /opt/st/stm32cubeide_2.1.1/plugins/com.st.stm32cube.ide.mcu.externaltools.gnu-tools-for-stm32.14.3.rel1.linux64_1.0.100.202602081740/tools/bin/../lib/gcc/arm-none-eabi/14.3.1/../../../../arm-none-eabi/lib/thumb/v7e-m+fp/hard/libc_nano.a(libc_a-init.o)
 .ARM.attributes
                0x000008ff       0x34 /opt/st/stm32cubeide_2.1.1/plugins/com.st.stm32cube.ide.mcu.externaltools.gnu-tools-for-stm32.14.3.rel1.linux64_1.0.100.202602081740/tools/bin/../lib/gcc/arm-none-eabi/14.3.1/../../../../arm-none-eabi/lib/thumb/v7e-m+fp/hard/libc_nano.a(libc_a-lock.o)
 .ARM.attributes
                0x00000933       0x20 /opt/st/stm32cubeide_2.1.1/plugins/com.st.stm32cube.ide.mcu.externaltools.gnu-tools-for-stm32.14.3.rel1.linux64_1.0.100.202602081740/tools/bin/../lib/gcc/arm-none-eabi/14.3.1/../../../../arm-none-eabi/lib/thumb/v7e-m+fp/hard/libc_nano.a(libc_a-strcmp.o)
 .ARM.attributes
                0x00000953       0x34 /opt/st/stm32cubeide_2.1.1/plugins/com.st.stm32cube.ide.mcu.externaltools.gnu-tools-for-stm32.14.3.rel1.linux64_1.0.100.202602081740/tools/bin/../lib/gcc/arm-none-eabi/14.3.1/../../../../arm-none-eabi/lib/thumb/v7e-m+fp/hard/libc_nano.a(libc_a-envlock.o)
 .ARM.attributes
                0x00000987       0x34 /opt/st/stm32cubeide_2.1.1/plugins/com.st.stm32cube.ide.mcu.externaltools.gnu-tools-for-stm32.14.3.rel1.linux64_1.0.100.202602081740/tools/bin/../lib/gcc/arm-none-eabi/14.3.1/../../../../arm-none-eabi/lib/thumb/v7e-m+fp/hard/libc_nano.a(libc_a-freer.o)
 .ARM.attributes
                0x000009bb       0x34 /opt/st/stm32cubeide_2.1.1/plugins/com.st.stm32cube.ide.mcu.externaltools.gnu-tools-for-stm32.14.3.rel1.linux64_1.0.100.202602081740/tools/bin/../lib/gcc/arm-none-eabi/14.3.1/thumb/v7e-m+fp/hard/libgcc.a(unwind-arm.o)
 .ARM.attributes
                0x000009ef       0x22 /opt/st/stm32cubeide_2.1.1/plugins/com.st.stm32cube.ide.mcu.externaltools.gnu-tools-for-stm32.14.3.rel1.linux64_1.0.100.202602081740/tools/bin/../lib/gcc/arm-none-eabi/14.3.1/thumb/v7e-m+fp/hard/libgcc.a(libunwind.o)
 .ARM.attributes
                0x00000a11       0x34 /opt/st/stm32cubeide_2.1.1/plugins/com.st.stm32cube.ide.mcu.externaltools.gnu-tools-for-stm32.14.3.rel1.linux64_1.0.100.202602081740/tools/bin/../lib/gcc/arm-none-eabi/14.3.1/thumb/v7e-m+fp/hard/libgcc.a(pr-support.o)
 .ARM.attributes
                0x00000a45       0x34 /opt/st/stm32cubeide_2.1.1/plugins/com.st.stm32cube.ide.mcu.externaltools.gnu-tools-for-stm32.14.3.rel1.linux64_1.0.100.202602081740/tools/bin/../lib/gcc/arm-none-eabi/14.3.1/../../../../arm-none-eabi/lib/thumb/v7e-m+fp/hard/libc_nano.a(libc_a-memcpy-stub.o)
 .ARM.attributes
                0x00000a79       0x22 /opt/st/stm32cubeide_2.1.1/plugins/com.st.stm32cube.ide.mcu.externaltools.gnu-tools-for-stm32.14.3.rel1.linux64_1.0.100.202602081740/tools/bin/../lib/gcc/arm-none-eabi/14.3.1/thumb/v7e-m+fp/hard/crtn.o
OUTPUT(EXceptional Handling.elf elf32-littlearm)
LOAD linker stubs
LOAD /opt/st/stm32cubeide_2.1.1/plugins/com.st.stm32cube.ide.mcu.externaltools.gnu-tools-for-stm32.14.3.rel1.linux64_1.0.100.202602081740/tools/bin/../lib/gcc/arm-none-eabi/14.3.1/../../../../arm-none-eabi/lib/thumb/v7e-m+fp/hard/libc.a
LOAD /opt/st/stm32cubeide_2.1.1/plugins/com.st.stm32cube.ide.mcu.externaltools.gnu-tools-for-stm32.14.3.rel1.linux64_1.0.100.202602081740/tools/bin/../lib/gcc/arm-none-eabi/14.3.1/../../../../arm-none-eabi/lib/thumb/v7e-m+fp/hard/libm.a
LOAD /opt/st/stm32cubeide_2.1.1/plugins/com.st.stm32cube.ide.mcu.externaltools.gnu-tools-for-stm32.14.3.rel1.linux64_1.0.100.202602081740/tools/bin/../lib/gcc/arm-none-eabi/14.3.1/thumb/v7e-m+fp/hard/libgcc.a

.debug_info     0x00000000      0xf29
 .debug_info    0x00000000      0x6ee ./Src/main.o
 .debug_info    0x000006ee      0x6a3 ./Src/syscalls.o
 .debug_info    0x00000d91      0x168 ./Src/sysmem.o
 .debug_info    0x00000ef9       0x30 ./Startup/startup_stm32f407vgtx.o

.debug_abbrev   0x00000000      0x504
 .debug_abbrev  0x00000000      0x26e ./Src/main.o
 .debug_abbrev  0x0000026e      0x1b6 ./Src/syscalls.o
 .debug_abbrev  0x00000424       0xbc ./Src/sysmem.o
 .debug_abbrev  0x000004e0       0x24 ./Startup/startup_stm32f407vgtx.o

.debug_aranges  0x00000000      0x158
 .debug_aranges
                0x00000000       0x68 ./Src/main.o
 .debug_aranges
                0x00000068       0xa8 ./Src/syscalls.o
 .debug_aranges
                0x00000110       0x20 ./Src/sysmem.o
 .debug_aranges
                0x00000130       0x28 ./Startup/startup_stm32f407vgtx.o

.debug_rnglists
                0x00000000       0xf0
 .debug_rnglists
                0x00000000       0x4b ./Src/main.o
 .debug_rnglists
                0x0000004b       0x79 ./Src/syscalls.o
 .debug_rnglists
                0x000000c4       0x13 ./Src/sysmem.o
 .debug_rnglists
                0x000000d7       0x19 ./Startup/startup_stm32f407vgtx.o

.debug_macro    0x00000000    0x17931
 .debug_macro   0x00000000       0xb2 ./Src/main.o
 .debug_macro   0x000000b2      0xca6 ./Src/main.o
 .debug_macro   0x00000d58       0x1c ./Src/main.o
 .debug_macro   0x00000d74       0x22 ./Src/main.o
 .debug_macro   0x00000d96       0x8e ./Src/main.o
 .debug_macro   0x00000e24       0x51 ./Src/main.o
 .debug_macro   0x00000e75      0x103 ./Src/main.o
 .debug_macro   0x00000f78       0x6a ./Src/main.o
 .debug_macro   0x00000fe2      0x1df ./Src/main.o
 .debug_macro   0x000011c1       0x10 ./Src/main.o
 .debug_macro   0x000011d1      0x1f2 ./Src/main.o
 .debug_macro   0x000013c3       0x10 ./Src/main.o
 .debug_macro   0x000013d3       0xcf ./Src/main.o
 .debug_macro   0x000014a2       0xed ./Src/main.o
 .debug_macro   0x0000158f      0x464 ./Src/main.o
 .debug_macro   0x000019f3    0x139f5 ./Src/main.o
 .debug_macro   0x000153e8      0x274 ./Src/syscalls.o
 .debug_macro   0x0001565c      0xae4 ./Src/syscalls.o
 .debug_macro   0x00016140       0x5b ./Src/syscalls.o
 .debug_macro   0x0001619b       0x2a ./Src/syscalls.o
 .debug_macro   0x000161c5       0x94 ./Src/syscalls.o
 .debug_macro   0x00016259       0x43 ./Src/syscalls.o
 .debug_macro   0x0001629c       0x34 ./Src/syscalls.o
 .debug_macro   0x000162d0       0x57 ./Src/syscalls.o
 .debug_macro   0x00016327      0x190 ./Src/syscalls.o
 .debug_macro   0x000164b7      0x364 ./Src/syscalls.o
 .debug_macro   0x0001681b       0x16 ./Src/syscalls.o
 .debug_macro   0x00016831       0x4a ./Src/syscalls.o
 .debug_macro   0x0001687b       0x34 ./Src/syscalls.o
 .debug_macro   0x000168af       0x10 ./Src/syscalls.o
 .debug_macro   0x000168bf       0x58 ./Src/syscalls.o
 .debug_macro   0x00016917       0x8e ./Src/syscalls.o
 .debug_macro   0x000169a5       0x1c ./Src/syscalls.o
 .debug_macro   0x000169c1      0x17e ./Src/syscalls.o
 .debug_macro   0x00016b3f       0x10 ./Src/syscalls.o
 .debug_macro   0x00016b4f       0x3c ./Src/syscalls.o
 .debug_macro   0x00016b8b       0x10 ./Src/syscalls.o
 .debug_macro   0x00016b9b       0x10 ./Src/syscalls.o
 .debug_macro   0x00016bab       0x10 ./Src/syscalls.o
 .debug_macro   0x00016bbb       0x1c ./Src/syscalls.o
 .debug_macro   0x00016bd7       0x52 ./Src/syscalls.o
 .debug_macro   0x00016c29       0x22 ./Src/syscalls.o
 .debug_macro   0x00016c4b       0x10 ./Src/syscalls.o
 .debug_macro   0x00016c5b       0x52 ./Src/syscalls.o
 .debug_macro   0x00016cad       0xcf ./Src/syscalls.o
 .debug_macro   0x00016d7c       0x1c ./Src/syscalls.o
 .debug_macro   0x00016d98       0x3d ./Src/syscalls.o
 .debug_macro   0x00016dd5       0x35 ./Src/syscalls.o
 .debug_macro   0x00016e0a      0x12c ./Src/syscalls.o
 .debug_macro   0x00016f36       0x16 ./Src/syscalls.o
 .debug_macro   0x00016f4c       0x16 ./Src/syscalls.o
 .debug_macro   0x00016f62       0x29 ./Src/syscalls.o
 .debug_macro   0x00016f8b       0x10 ./Src/syscalls.o
 .debug_macro   0x00016f9b      0x242 ./Src/syscalls.o
 .debug_macro   0x000171dd       0x1c ./Src/syscalls.o
 .debug_macro   0x000171f9       0x10 ./Src/syscalls.o
 .debug_macro   0x00017209       0x10 ./Src/syscalls.o
 .debug_macro   0x00017219       0x16 ./Src/syscalls.o
 .debug_macro   0x0001722f      0x146 ./Src/syscalls.o
 .debug_macro   0x00017375      0x18a ./Src/syscalls.o
 .debug_macro   0x000174ff       0x16 ./Src/syscalls.o
 .debug_macro   0x00017515       0xce ./Src/syscalls.o
 .debug_macro   0x000175e3      0x112 ./Src/sysmem.o
 .debug_macro   0x000176f5      0x23c ./Src/sysmem.o

.debug_line     0x00000000     0x14a5
 .debug_line    0x00000000      0x78c ./Src/main.o
 .debug_line    0x0000078c      0x7e1 ./Src/syscalls.o
 .debug_line    0x00000f6d      0x4bd ./Src/sysmem.o
 .debug_line    0x0000142a       0x7b ./Startup/startup_stm32f407vgtx.o

.debug_str      0x00000000    0x7a580
 .debug_str     0x00000000    0x7a580 ./Src/main.o
                              0x74acc (size before relaxing)