../Src/main.cpp:25:5:GPIOClockGuard::GPIOClockGuard()	16	static
../Src/main.cpp:31:5:GPIOClockGuard::~GPIOClockGuard()	16	static
../Src/main.cpp:44:17:static void GPIO::set_output(volatile uint32_t&, uint32_t)	16	static
../Src/main.cpp:50:17:static void GPIO::set_input(volatile uint32_t&, uint32_t)	16	static
../Src/main.cpp:55:17:static void GPIO::toggle(volatile uint32_t&, uint32_t)	16	static
../Src/main.cpp:60:17:static bool GPIO::read(volatile uint32_t&, uint32_t)	16	static
../Src/main.cpp:69:6:void delay()	16	static
../Src/main.cpp:76:5:int main()	56	static
/opt/st/stm32cubeide_2.1.1/plugins/com.st.stm32cube.ide.mcu.externaltools.gnu-tools-for-stm32.14.3.rel1.linux64_1.0.100.202602081740/tools/arm-none-eabi/include/c++/14.3.1/array:132:7:std::array<_Tp, _Nm>::value_type* std::array<_Tp, _Nm>::begin() [with _Tp = unsigned char; unsigned int _Nm = 4]	24	static
/opt/st/stm32cubeide_2.1.1/plugins/com.st.stm32cube.ide.mcu.externaltools.gnu-tools-for-stm32.14.3.rel1.linux64_1.0.100.202602081740/tools/arm-none-eabi/include/c++/14.3.1/array:142:7:std::array<_Tp, _Nm>::value_type* std::array<_Tp, _Nm>::end() [with _Tp = unsigned char; unsigned int _Nm = 4]	24	static
