../Src/main.cpp:90:6:void delay()	16	static,ignoring_inline_asm
../Src/main.cpp:108:5:int main()	32	static
../Src/main.cpp:67:5:LED<PIN, status>::LED() [with PIN = GPIO_Pin<GPIO_Port<1073875968>, 14>; bool status = true]	16	static
../Src/main.cpp:67:5:LED<PIN, status>::LED() [with PIN = GPIO_Pin<GPIO_Port<1073875968>, 15>; bool status = true]	16	static
../Src/main.cpp:67:5:LED<PIN, status>::LED() [with PIN = GPIO_Pin<GPIO_Port<1073873920>, 5>; bool status = true]	16	static
../Src/main.cpp:67:5:LED<PIN, status>::LED() [with PIN = GPIO_Pin<GPIO_Port<1073874944>, 3>; bool status = true]	16	static
../Src/main.cpp:67:5:LED<PIN, status>::LED() [with PIN = GPIO_Pin<GPIO_Port<1073876992>, 4>; bool status = true]	16	static
../Src/main.cpp:67:5:LED<PIN, status>::LED() [with PIN = GPIO_Pin<GPIO_Port<1073872896>, 1>; bool status = false]	16	static
../Src/main.cpp:84:13:uint8_t LED<PIN, status>::read() [with PIN = GPIO_Pin<GPIO_Port<1073872896>, 1>; bool status = false]	16	static
../Src/main.cpp:78:10:void LED<PIN, status>::off() [with PIN = GPIO_Pin<GPIO_Port<1073875968>, 14>; bool status = true]	16	static
../Src/main.cpp:78:10:void LED<PIN, status>::off() [with PIN = GPIO_Pin<GPIO_Port<1073875968>, 15>; bool status = true]	16	static
../Src/main.cpp:81:10:void LED<PIN, status>::toggle() [with PIN = GPIO_Pin<GPIO_Port<1073873920>, 5>; bool status = true]	16	static
../Src/main.cpp:81:10:void LED<PIN, status>::toggle() [with PIN = GPIO_Pin<GPIO_Port<1073874944>, 3>; bool status = true]	16	static
../Src/main.cpp:81:10:void LED<PIN, status>::toggle() [with PIN = GPIO_Pin<GPIO_Port<1073876992>, 4>; bool status = true]	16	static
../Src/main.cpp:78:10:void LED<PIN, status>::off() [with PIN = GPIO_Pin<GPIO_Port<1073873920>, 5>; bool status = true]	16	static
../Src/main.cpp:78:10:void LED<PIN, status>::off() [with PIN = GPIO_Pin<GPIO_Port<1073874944>, 3>; bool status = true]	16	static
../Src/main.cpp:78:10:void LED<PIN, status>::off() [with PIN = GPIO_Pin<GPIO_Port<1073876992>, 4>; bool status = true]	16	static
../Src/main.cpp:81:10:void LED<PIN, status>::toggle() [with PIN = GPIO_Pin<GPIO_Port<1073875968>, 14>; bool status = true]	16	static
../Src/main.cpp:81:10:void LED<PIN, status>::toggle() [with PIN = GPIO_Pin<GPIO_Port<1073875968>, 15>; bool status = true]	16	static
../Src/main.cpp:36:17:static void GPIO_Pin<Port, PIN>::set_output() [with Port = GPIO_Port<1073875968>; unsigned char PIN = 14]	8	static
../Src/main.cpp:36:17:static void GPIO_Pin<Port, PIN>::set_output() [with Port = GPIO_Port<1073875968>; unsigned char PIN = 15]	8	static
../Src/main.cpp:36:17:static void GPIO_Pin<Port, PIN>::set_output() [with Port = GPIO_Port<1073873920>; unsigned char PIN = 5]	8	static
../Src/main.cpp:36:17:static void GPIO_Pin<Port, PIN>::set_output() [with Port = GPIO_Port<1073874944>; unsigned char PIN = 3]	8	static
../Src/main.cpp:36:17:static void GPIO_Pin<Port, PIN>::set_output() [with Port = GPIO_Port<1073876992>; unsigned char PIN = 4]	8	static
../Src/main.cpp:58:17:static void GPIO_Pin<Port, PIN>::set_input() [with Port = GPIO_Port<1073872896>; unsigned char PIN = 1]	8	static
../Src/main.cpp:44:20:static uint8_t GPIO_Pin<Port, PIN>::button() [with Port = GPIO_Port<1073872896>; unsigned char PIN = 1]	8	static
../Src/main.cpp:47:17:static void GPIO_Pin<Port, PIN>::reset() [with Port = GPIO_Port<1073875968>; unsigned char PIN = 14]	8	static
../Src/main.cpp:47:17:static void GPIO_Pin<Port, PIN>::reset() [with Port = GPIO_Port<1073875968>; unsigned char PIN = 15]	8	static
../Src/main.cpp:50:17:static void GPIO_Pin<Port, PIN>::toggle() [with Port = GPIO_Port<1073873920>; unsigned char PIN = 5]	8	static
../Src/main.cpp:50:17:static void GPIO_Pin<Port, PIN>::toggle() [with Port = GPIO_Port<1073874944>; unsigned char PIN = 3]	8	static
../Src/main.cpp:50:17:static void GPIO_Pin<Port, PIN>::toggle() [with Port = GPIO_Port<1073876992>; unsigned char PIN = 4]	8	static
../Src/main.cpp:47:17:static void GPIO_Pin<Port, PIN>::reset() [with Port = GPIO_Port<1073873920>; unsigned char PIN = 5]	8	static
../Src/main.cpp:47:17:static void GPIO_Pin<Port, PIN>::reset() [with Port = GPIO_Port<1073874944>; unsigned char PIN = 3]	8	static
../Src/main.cpp:47:17:static void GPIO_Pin<Port, PIN>::reset() [with Port = GPIO_Port<1073876992>; unsigned char PIN = 4]	8	static
../Src/main.cpp:50:17:static void GPIO_Pin<Port, PIN>::toggle() [with Port = GPIO_Port<1073875968>; unsigned char PIN = 14]	8	static
../Src/main.cpp:50:17:static void GPIO_Pin<Port, PIN>::toggle() [with Port = GPIO_Port<1073875968>; unsigned char PIN = 15]	8	static
../Src/main.cpp:9:17:static void GPIO_Port<BASE>::enable_clock() [with unsigned int BASE = 1073875968]	4	static
../Src/main.cpp:6:26:static GPIO_TypeDef* GPIO_Port<BASE>::port() [with unsigned int BASE = 1073875968]	4	static
../Src/main.cpp:9:17:static void GPIO_Port<BASE>::enable_clock() [with unsigned int BASE = 1073873920]	4	static
../Src/main.cpp:6:26:static GPIO_TypeDef* GPIO_Port<BASE>::port() [with unsigned int BASE = 1073873920]	4	static
../Src/main.cpp:9:17:static void GPIO_Port<BASE>::enable_clock() [with unsigned int BASE = 1073874944]	4	static
../Src/main.cpp:6:26:static GPIO_TypeDef* GPIO_Port<BASE>::port() [with unsigned int BASE = 1073874944]	4	static
../Src/main.cpp:9:17:static void GPIO_Port<BASE>::enable_clock() [with unsigned int BASE = 1073876992]	4	static
../Src/main.cpp:6:26:static GPIO_TypeDef* GPIO_Port<BASE>::port() [with unsigned int BASE = 1073876992]	4	static
../Src/main.cpp:9:17:static void GPIO_Port<BASE>::enable_clock() [with unsigned int BASE = 1073872896]	4	static
../Src/main.cpp:6:26:static GPIO_TypeDef* GPIO_Port<BASE>::port() [with unsigned int BASE = 1073872896]	4	static
../Src/main.cpp:41:17:static void GPIO_Pin<Port, PIN>::set() [with Port = GPIO_Port<1073873920>; unsigned char PIN = 5]	8	static
../Src/main.cpp:41:17:static void GPIO_Pin<Port, PIN>::set() [with Port = GPIO_Port<1073874944>; unsigned char PIN = 3]	8	static
../Src/main.cpp:41:17:static void GPIO_Pin<Port, PIN>::set() [with Port = GPIO_Port<1073876992>; unsigned char PIN = 4]	8	static
../Src/main.cpp:41:17:static void GPIO_Pin<Port, PIN>::set() [with Port = GPIO_Port<1073875968>; unsigned char PIN = 14]	8	static
../Src/main.cpp:41:17:static void GPIO_Pin<Port, PIN>::set() [with Port = GPIO_Port<1073875968>; unsigned char PIN = 15]	8	static
