../Src/main.cpp:23:14:static void GPIO::clock_enable()	4	static
../Src/main.cpp:27:14:static void GPIO::set_output(uint8_t)	16	static
../Src/main.cpp:31:14:static void GPIO::set(uint8_t)	16	static
../Src/main.cpp:34:14:static void GPIO::reset(uint8_t)	16	static
../Src/main.cpp:76:6:void delay()	16	static,ignoring_inline_asm
../Src/main.cpp:81:5:int main()	24	static
../Src/main.cpp:52:14:static LED<pin>& LED<pin>::create() [with unsigned char pin = 12]	8	static,ignoring_inline_asm
../Src/main.cpp:52:14:static LED<pin>& LED<pin>::create() [with unsigned char pin = 13]	8	static,ignoring_inline_asm
../Src/main.cpp:61:7:void LED<pin>::on() [with unsigned char pin = 12]	16	static
../Src/main.cpp:64:7:void LED<pin>::off() [with unsigned char pin = 12]	16	static
../Src/main.cpp:61:7:void LED<pin>::on() [with unsigned char pin = 13]	16	static
../Src/main.cpp:64:7:void LED<pin>::off() [with unsigned char pin = 13]	16	static
../Src/main.cpp:71:2:LED<pin>::LED() [with unsigned char pin = 12]	16	static
../Src/main.cpp:71:2:LED<pin>::LED() [with unsigned char pin = 13]	16	static
