14:01:31 **** Incremental Build of configuration Debug for project Usage_Fault ****
make -j12 all 
arm-none-eabi-g++ "../Src/main.cpp" -mcpu=cortex-m4 -std=gnu++14 -g3 -DDEBUG -DSTM32 -DSTM32F407G_DISC1 -DSTM32F4 -DSTM32F407VGTx -c -I../Inc -O0 -ffunction-sections -fdata-sections -fno-exceptions -fno-rtti -fno-use-cxa-atexit -Wall -fstack-usage -fcyclomatic-complexity -MMD -MP -MF"Src/main.d" -MT"Src/main.o" --specs=nano.specs -mfpu=fpv4-sp-d16 -mfloat-abi=hard -mthumb -o "Src/main.o"
../Src/main.cpp: In function 'void UsageFault_Handler_c(uint32_t*)':
../Src/main.cpp:80:22: warning: format '%lx' expects argument of type 'long unsigned int', but argument 2 has type 'int' [-Wformat=]
   80 |     printf("status=%lx\n",status);
      |                    ~~^    ~~~~~~
      |                      |    |
      |                      |    int
      |                      long unsigned int
      |                    %x
arm-none-eabi-g++ -o "Usage_Fault.elf" @"objects.list"   -mcpu=cortex-m4 -T"/home/dell/STM32CubeIDE/workspace_2.1.1/Usage_Fault/STM32F407VGTX_FLASH.ld" --specs=nosys.specs -Wl,-Map="Usage_Fault.map" -Wl,--gc-sections -static --specs=nano.specs -mfpu=fpv4-sp-d16 -mfloat-abi=hard -mthumb -Wl,--start-group -lc -lm -lstdc++ -lsupc++ -Wl,--end-group
Finished building target: Usage_Fault.elf
 
arm-none-eabi-size  Usage_Fault.elf 
arm-none-eabi-objdump -h -S Usage_Fault.elf  > "Usage_Fault.list"
   text	   data	    bss	    dec	    hex	filename
   5592	     92	   1900	   7584	   1da0	Usage_Fault.elf
Finished building: default.size.stdout
 
Finished building: Usage_Fault.list
 
14:01:33 **** Incremental Build of configuration Debug for project Usage_Fault ****
make -j12 all 
arm-none-eabi-size  Usage_Fault.elf 
   text	   data	    bss	    dec	    hex	filename
   5592	     92	   1900	   7584	   1da0	Usage_Fault.elf
Finished building: default.size.stdout
 
14:01:44 **** Incremental Build of configuration Debug for project Usage_Fault ****
make -j12 all 
arm-none-eabi-size  Usage_Fault.elf 
   text	   data	    bss	    dec	    hex	filename
   5592	     92	   1900	   7584	   1da0	Usage_Fault.elf
Finished building: default.size.stdout
 
