12:13:50 **** Incremental Build of configuration Debug for project led_blinking_modern_cpp ****
make -j12 all 
arm-none-eabi-g++ "../Src/main.cpp" -mcpu=cortex-m4 -std=c++17 -g3 -DDEBUG -DSTM32 -DSTM32F407G_DISC1 -DSTM32F4 -DSTM32F407VGTx -c -I../Inc -O0 -ffunction-sections -fdata-sections -fno-exceptions -fno-rtti -fno-use-cxa-atexit -Wall -fstack-usage -fcyclomatic-complexity -MMD -MP -MF"Src/main.d" -MT"Src/main.o" --specs=nano.specs -mfpu=fpv4-sp-d16 -mfloat-abi=hard -mthumb -o "Src/main.o"
arm-none-eabi-g++ -o "led_blinking_modern_cpp.elf" @"objects.list"   -mcpu=cortex-m4 -T"/home/dell/STM32CubeIDE/workspace_2.1.1/led_blinking_modern_cpp/STM32F407VGTX_FLASH.ld" --specs=nosys.specs -Wl,-Map="led_blinking_modern_cpp.map" -Wl,--gc-sections -static --specs=nano.specs -mfpu=fpv4-sp-d16 -mfloat-abi=hard -mthumb -Wl,--start-group -lc -lm -lstdc++ -lsupc++ -Wl,--end-group
Finished building target: led_blinking_modern_cpp.elf
 
arm-none-eabi-size  led_blinking_modern_cpp.elf 
arm-none-eabi-objdump -h -S led_blinking_modern_cpp.elf  > "led_blinking_modern_cpp.list"
   text	   data	    bss	    dec	    hex	filename
   3444	     96	   1904	   5444	   1544	led_blinking_modern_cpp.elf
Finished building: default.size.stdout
 
Finished building: led_blinking_modern_cpp.list
 

12:13:51 Build Finished. 0 errors, 0 warnings. (took 285ms)

