15:24:20 **** Incremental Build of configuration Debug for project led_blinking_dynamic ****
make -j12 all 
arm-none-eabi-g++ "../Src/main.cpp" -mcpu=cortex-m4 -std=gnu++14 -g3 -DDEBUG -DSTM32 -DSTM32F407G_DISC1 -DSTM32F4 -DSTM32F407VGTx -c -I../Inc -O0 -ffunction-sections -fdata-sections -fno-exceptions -fno-rtti -fno-use-cxa-atexit -Wall -fstack-usage -fcyclomatic-complexity -MMD -MP -MF"Src/main.d" -MT"Src/main.o" --specs=nano.specs -mfpu=fpv4-sp-d16 -mfloat-abi=hard -mthumb -o "Src/main.o"
../Src/main.cpp: In member function 'void LED::led_off()':
../Src/main.cpp:36:36: warning: suggest parentheses around '+' inside '<<' [-Wparentheses]
   36 |                 pgpio->BSRR=(1<<pin+16);
      |                                 ~~~^~~
arm-none-eabi-g++ -o "led_blinking_dynamic.elf" @"objects.list"   -mcpu=cortex-m4 -T"/home/dell/STM32CubeIDE/workspace_2.1.1/led_blinking_dynamic/STM32F407VGTX_FLASH.ld" --specs=nosys.specs -Wl,-Map="led_blinking_dynamic.map" -Wl,--gc-sections -static --specs=nano.specs -mfpu=fpv4-sp-d16 -mfloat-abi=hard -mthumb -Wl,--start-group -lc -lm -lstdc++ -lsupc++ -Wl,--end-group
Finished building target: led_blinking_dynamic.elf
 
arm-none-eabi-size  led_blinking_dynamic.elf 
arm-none-eabi-objdump -h -S led_blinking_dynamic.elf  > "led_blinking_dynamic.list"
   text	   data	    bss	    dec	    hex	filename
   1736	     80	   1904	   3720	    e88	led_blinking_dynamic.elf
Finished building: default.size.stdout
 
Finished building: led_blinking_dynamic.list
 

15:24:20 Build Finished. 0 errors, 1 warnings. (took 407ms)

