13:08:23 **** Incremental Build of configuration Debug for project LED_BLUE ****
make -j12 all 
arm-none-eabi-g++ "../Src/main.cpp" -mcpu=cortex-m4 -std=gnu++14 -g3 -DDEBUG -DSTM32 -DSTM32F407G_DISC1 -DSTM32F4 -DSTM32F407VGTx -c -I../Inc -O0 -ffunction-sections -fdata-sections -fno-exceptions -fno-rtti -fno-use-cxa-atexit -Wall -fstack-usage -fcyclomatic-complexity -MMD -MP -MF"Src/main.d" -MT"Src/main.o" --specs=nano.specs -mfpu=fpv4-sp-d16 -mfloat-abi=hard -mthumb -o "Src/main.o"
arm-none-eabi-g++ -o "LED_BLUE.elf" @"objects.list"   -mcpu=cortex-m4 -T"/home/dell/STM32CubeIDE/workspace_2.1.1/LED_BLUE/STM32F407VGTX_FLASH.ld" --specs=nosys.specs -Wl,-Map="LED_BLUE.map" -Wl,--gc-sections -static --specs=nano.specs -mfpu=fpv4-sp-d16 -mfloat-abi=hard -mthumb -Wl,--start-group -lc -lm -lstdc++ -lsupc++ -Wl,--end-group
Finished building target: LED_BLUE.elf
 
arm-none-eabi-size  LED_BLUE.elf 
arm-none-eabi-objdump -h -S LED_BLUE.elf  > "LED_BLUE.list"
   text	   data	    bss	    dec	    hex	filename
    744	      0	   1568	   2312	    908	LED_BLUE.elf
Finished building: default.size.stdout
 
Finished building: LED_BLUE.list
 

13:08:23 Build Finished. 0 errors, 0 warnings. (took 167ms)

