11:47:04 **** Build of configuration Debug for project Push_button_cpp_header ****
make -j12 all 
arm-none-eabi-g++ "../Src/main.cpp" -mcpu=cortex-m4 -std=gnu++14 -g3 -DDEBUG -DSTM32 -DSTM32F407G_DISC1 -DSTM32F4 -DSTM32F407VGTx -c -I../Inc -O0 -ffunction-sections -fdata-sections -fno-exceptions -fno-rtti -fno-use-cxa-atexit -Wall -fstack-usage -fcyclomatic-complexity -MMD -MP -MF"Src/main.d" -MT"Src/main.o" --specs=nano.specs -mfpu=fpv4-sp-d16 -mfloat-abi=hard -mthumb -o "Src/main.o"
arm-none-eabi-g++ -o "Push_button_cpp_header.elf" @"objects.list"   -mcpu=cortex-m4 -T"/home/dell/STM32CubeIDE/workspace_2.1.1/Push_button_cpp_header/STM32F407VGTX_FLASH.ld" --specs=nosys.specs -Wl,-Map="Push_button_cpp_header.map" -Wl,--gc-sections -static --specs=nano.specs -mfpu=fpv4-sp-d16 -mfloat-abi=hard -mthumb -Wl,--start-group -lc -lm -lstdc++ -lsupc++ -Wl,--end-group
Finished building target: Push_button_cpp_header.elf
 
arm-none-eabi-size  Push_button_cpp_header.elf 
arm-none-eabi-objdump -h -S Push_button_cpp_header.elf  > "Push_button_cpp_header.list"
   text	   data	    bss	    dec	    hex	filename
   1416	      0	   1568	   2984	    ba8	Push_button_cpp_header.elf
Finished building: default.size.stdout
 
Finished building: Push_button_cpp_header.list
 

11:47:04 Build Finished. 0 errors, 0 warnings. (took 120ms)

