07:54:02 **** Build of configuration Debug for project USART1_Receiver_Singleton ****
make -j12 all 
arm-none-eabi-g++ "../Src/main.cpp" -mcpu=cortex-m4 -std=gnu++14 -g3 -DDEBUG -DSTM32 -DSTM32F407G_DISC1 -DSTM32F4 -DSTM32F407VGTx -c -I../Inc -O0 -ffunction-sections -fdata-sections -fno-exceptions -fno-rtti -fno-use-cxa-atexit -Wall -fstack-usage -fcyclomatic-complexity -MMD -MP -MF"Src/main.d" -MT"Src/main.o" --specs=nano.specs -mfpu=fpv4-sp-d16 -mfloat-abi=hard -mthumb -o "Src/main.o"
arm-none-eabi-g++ -o "USART1_Receiver_Singleton.elf" @"objects.list"   -mcpu=cortex-m4 -T"/home/dell/STM32CubeIDE/workspace_2.1.1/USART1_Receiver_Singleton/STM32F407VGTX_FLASH.ld" --specs=nosys.specs -Wl,-Map="USART1_Receiver_Singleton.map" -Wl,--gc-sections -static --specs=nano.specs -mfpu=fpv4-sp-d16 -mfloat-abi=hard -mthumb -Wl,--start-group -lc -lm -lstdc++ -lsupc++ -Wl,--end-group
Finished building target: USART1_Receiver_Singleton.elf
 
arm-none-eabi-size  USART1_Receiver_Singleton.elf 
arm-none-eabi-objdump -h -S USART1_Receiver_Singleton.elf  > "USART1_Receiver_Singleton.list"
   text	   data	    bss	    dec	    hex	filename
   1452	      0	   1576	   3028	    bd4	USART1_Receiver_Singleton.elf
Finished building: default.size.stdout
 
Finished building: USART1_Receiver_Singleton.list
 

07:54:02 Build Finished. 0 errors, 0 warnings. (took 348ms)

